###############################################################################
#                                                                             #
# IAR C/C++ Compiler V8.10.1.10194/W32 for 8051         14/Jun/2016  16:18:43 #
# Copyright 2004-2011 IAR Systems AB.                                         #
#                                                                             #
#    Core               =  plain                                              #
#    Code model         =  banked                                             #
#    Data model         =  large                                              #
#    Calling convention =  xdata reentrant                                    #
#    Constant location  =  data_rom                                           #
#    Dptr setup         =  1,16                                               #
#    Source file        =  F:\¹âÅÌ×ÊÁÏ\ETC-WSNÎïÁªÍø¹âÅÌ×ÊÁÏ210\ZigBeeÍøÂç\WS #
#                          N-CSÔ´Âë\ZStack-CC2530-2.5.1a\Components\uCGUI\Fon #
#                          t\F08_ASCII.c                                      #
#    Command line       =  -f F:\¹âÅÌ×ÊÁÏ\ETC-WSNÎïÁªÍø¹âÅÌ×ÊÁÏ210\ZigBeeÍøÂç #
#                          \WSN-CSÔ´Âë\ZStack-CC2530-2.5.1a\Projects\zstack\U #
#                          tilities\SerialApp\CC2530DB\..\..\..\Tools\CC2530D #
#                          B\f8wCoord.cfg (-DCPU32MHZ -DROOT=__near_func      #
#                          -DMAC_CFG_APP_PENDING_QUEUE=TRUE                   #
#                          -DMAC_CFG_TX_DATA_MAX=5 -DMAC_CFG_TX_MAX=8         #
#                          -DMAC_CFG_RX_MAX=5 -DZDO_COORDINATOR -DRTR_NWK)    #
#                          -f F:\¹âÅÌ×ÊÁÏ\ETC-WSNÎïÁªÍø¹âÅÌ×ÊÁÏ210\ZigBeeÍøÂç #
#                          \WSN-CSÔ´Âë\ZStack-CC2530-2.5.1a\Projects\zstack\U #
#                          tilities\SerialApp\CC2530DB\..\..\..\Tools\CC2530D #
#                          B\f8wConfig.cfg (-DZIGBEEPRO -DSECURE=0            #
#                          -DZG_SECURE_DYNAMIC=0 -DREFLECTOR                  #
#                          -DDEFAULT_CHANLIST=0x00000800                      #
#                          -DZDAPP_CONFIG_PAN_ID=0x1001                       #
#                          -DNWK_START_DELAY=100 -DEXTENDED_JOINING_RANDOM_MA #
#                          SK=0x007F -DBEACON_REQUEST_DELAY=100               #
#                          -DBEACON_REQ_DELAY_MASK=0x00FF                     #
#                          -DLINK_STATUS_JITTER_MASK=0x007F                   #
#                          -DROUTE_EXPIRY_TIME=30 -DAPSC_ACK_WAIT_DURATION_PO #
#                          LLED=3000 -DNWK_INDIRECT_MSG_TIMEOUT=7             #
#                          -DMAX_RREQ_ENTRIES=8 -DAPSC_MAX_FRAME_RETRIES=3    #
#                          -DNWK_MAX_DATA_RETRIES=2                           #
#                          -DMAX_POLL_FAILURE_RETRIES=2 -DMAX_BCAST=9         #
#                          -DAPS_MAX_GROUPS=16 -DMAX_RTG_ENTRIES=40           #
#                          -DNWK_MAX_BINDING_ENTRIES=4                        #
#                          -DMAX_BINDING_CLUSTER_IDS=4 "-DDEFAULT_KEY={0x01,  #
#                          0x03, 0x05, 0x07, 0x09, 0x0B, 0x0D, 0x0F, 0x00,    #
#                          0x02, 0x04, 0x06, 0x08, 0x0A, 0x0C, 0x0D}"         #
#                          -DMAC_MAX_FRAME_SIZE=116                           #
#                          -DZDNWKMGR_MIN_TRANSMISSIONS=20 "-DCONST=const     #
#                          __code" -DGENERIC=__generic                        #
#                          -DRFD_RCVC_ALWAYS_ON=FALSE -DPOLL_RATE=1000        #
#                          -DQUEUED_POLL_RATE=100 -DRESPONSE_POLL_RATE=100)   #
#                          -DREJOIN_POLL_RATE=440 F:\¹âÅÌ×ÊÁÏ\ETC-WSNÎïÁªÍø¹â #
#                          ÅÌ×ÊÁÏ210\ZigBeeÍøÂç\WSN-CSÔ´Âë\ZStack-CC2530-2.5. #
#                          1a\Components\uCGUI\Font\F08_ASCII.c -D            #
#                          HAL_UART=TRUE -D SERIAL_APP_PORT=0 -D COOR -D      #
#                          LCD_SUPPORTED -D NV_INIT -lC                       #
#                          F:\¹âÅÌ×ÊÁÏ\ETC-WSNÎïÁªÍø¹âÅÌ×ÊÁÏ210\ZigBeeÍøÂç\WS #
#                          N-CSÔ´Âë\ZStack-CC2530-2.5.1a\Projects\zstack\Util #
#                          ities\SerialApp\CC2530DB\CoordinatorEB\List\ -lA   #
#                          F:\¹âÅÌ×ÊÁÏ\ETC-WSNÎïÁªÍø¹âÅÌ×ÊÁÏ210\ZigBeeÍøÂç\WS #
#                          N-CSÔ´Âë\ZStack-CC2530-2.5.1a\Projects\zstack\Util #
#                          ities\SerialApp\CC2530DB\CoordinatorEB\List\       #
#                          --diag_suppress Pe001,Pa010 -o                     #
#                          F:\¹âÅÌ×ÊÁÏ\ETC-WSNÎïÁªÍø¹âÅÌ×ÊÁÏ210\ZigBeeÍøÂç\WS #
#                          N-CSÔ´Âë\ZStack-CC2530-2.5.1a\Projects\zstack\Util #
#                          ities\SerialApp\CC2530DB\CoordinatorEB\Obj\ -e     #
#                          --no_code_motion --debug --core=plain --dptr=16,1  #
#                          --data_model=large --code_model=banked             #
#                          --calling_convention=xdata_reentrant               #
#                          --place_constants=data_rom --nr_virtual_regs 16    #
#                          -I F:\¹âÅÌ×ÊÁÏ\ETC-WSNÎïÁªÍø¹âÅÌ×ÊÁÏ210\ZigBeeÍøÂç #
#                          \WSN-CSÔ´Âë\ZStack-CC2530-2.5.1a\Projects\zstack\U #
#                          tilities\SerialApp\CC2530DB\ -I                    #
#                          F:\¹âÅÌ×ÊÁÏ\ETC-WSNÎïÁªÍø¹âÅÌ×ÊÁÏ210\ZigBeeÍøÂç\WS #
#                          N-CSÔ´Âë\ZStack-CC2530-2.5.1a\Projects\zstack\Util #
#                          ities\SerialApp\CC2530DB\..\Public\ -I             #
#                          F:\¹âÅÌ×ÊÁÏ\ETC-WSNÎïÁªÍø¹âÅÌ×ÊÁÏ210\ZigBeeÍøÂç\WS #
#                          N-CSÔ´Âë\ZStack-CC2530-2.5.1a\Projects\zstack\Util #
#                          ities\SerialApp\CC2530DB\..\..\..\..\..\Components #
#                          \uCGUI\Core\ -I F:\¹âÅÌ×ÊÁÏ\ETC-WSNÎïÁªÍø¹âÅÌ×ÊÁÏ2 #
#                          10\ZigBeeÍøÂç\WSN-CSÔ´Âë\ZStack-CC2530-2.5.1a\Proj #
#                          ects\zstack\Utilities\SerialApp\CC2530DB\..\..\..\ #
#                          ..\..\Components\uCGUI\MultiLayer\ -I              #
#                          F:\¹âÅÌ×ÊÁÏ\ETC-WSNÎïÁªÍø¹âÅÌ×ÊÁÏ210\ZigBeeÍøÂç\WS #
#                          N-CSÔ´Âë\ZStack-CC2530-2.5.1a\Projects\zstack\Util #
#                          ities\SerialApp\CC2530DB\..\..\..\..\..\Components #
#                          \uCGUI\Config\ -I F:\¹âÅÌ×ÊÁÏ\ETC-WSNÎïÁªÍø¹âÅÌ×ÊÁ #
#                          Ï210\ZigBeeÍøÂç\WSN-CSÔ´Âë\ZStack-CC2530-2.5.1a\Pr #
#                          ojects\zstack\Utilities\SerialApp\CC2530DB\..\Coor #
#                          dinator\ -I F:\¹âÅÌ×ÊÁÏ\ETC-WSNÎïÁªÍø¹âÅÌ×ÊÁÏ210\Z #
#                          igBeeÍøÂç\WSN-CSÔ´Âë\ZStack-CC2530-2.5.1a\Projects #
#                          \zstack\Utilities\SerialApp\CC2530DB\..\..\..\ZMai #
#                          n\TI2530DB\ -I F:\¹âÅÌ×ÊÁÏ\ETC-WSNÎïÁªÍø¹âÅÌ×ÊÁÏ21 #
#                          0\ZigBeeÍøÂç\WSN-CSÔ´Âë\ZStack-CC2530-2.5.1a\Proje #
#                          cts\zstack\Utilities\SerialApp\CC2530DB\..\..\..\. #
#                          .\..\Components\hal\include\ -I                    #
#                          F:\¹âÅÌ×ÊÁÏ\ETC-WSNÎïÁªÍø¹âÅÌ×ÊÁÏ210\ZigBeeÍøÂç\WS #
#                          N-CSÔ´Âë\ZStack-CC2530-2.5.1a\Projects\zstack\Util #
#                          ities\SerialApp\CC2530DB\..\..\..\..\..\Components #
#                          \hal\target\CC2530EB\ -I                           #
#                          F:\¹âÅÌ×ÊÁÏ\ETC-WSNÎïÁªÍø¹âÅÌ×ÊÁÏ210\ZigBeeÍøÂç\WS #
#                          N-CSÔ´Âë\ZStack-CC2530-2.5.1a\Projects\zstack\Util #
#                          ities\SerialApp\CC2530DB\..\..\..\..\..\Components #
#                          \mac\include\ -I F:\¹âÅÌ×ÊÁÏ\ETC-WSNÎïÁªÍø¹âÅÌ×ÊÁÏ #
#                          210\ZigBeeÍøÂç\WSN-CSÔ´Âë\ZStack-CC2530-2.5.1a\Pro #
#                          jects\zstack\Utilities\SerialApp\CC2530DB\..\..\.. #
#                          \..\..\Components\mac\high_level\ -I               #
#                          F:\¹âÅÌ×ÊÁÏ\ETC-WSNÎïÁªÍø¹âÅÌ×ÊÁÏ210\ZigBeeÍøÂç\WS #
#                          N-CSÔ´Âë\ZStack-CC2530-2.5.1a\Projects\zstack\Util #
#                          ities\SerialApp\CC2530DB\..\..\..\..\..\Components #
#                          \mac\low_level\srf04\ -I                           #
#                          F:\¹âÅÌ×ÊÁÏ\ETC-WSNÎïÁªÍø¹âÅÌ×ÊÁÏ210\ZigBeeÍøÂç\WS #
#                          N-CSÔ´Âë\ZStack-CC2530-2.5.1a\Projects\zstack\Util #
#                          ities\SerialApp\CC2530DB\..\..\..\..\..\Components #
#                          \mac\low_level\srf04\single_chip\ -I               #
#                          F:\¹âÅÌ×ÊÁÏ\ETC-WSNÎïÁªÍø¹âÅÌ×ÊÁÏ210\ZigBeeÍøÂç\WS #
#                          N-CSÔ´Âë\ZStack-CC2530-2.5.1a\Projects\zstack\Util #
#                          ities\SerialApp\CC2530DB\..\..\..\..\..\Components #
#                          \mt\ -I F:\¹âÅÌ×ÊÁÏ\ETC-WSNÎïÁªÍø¹âÅÌ×ÊÁÏ210\ZigBe #
#                          eÍøÂç\WSN-CSÔ´Âë\ZStack-CC2530-2.5.1a\Projects\zst #
#                          ack\Utilities\SerialApp\CC2530DB\..\..\..\..\..\Co #
#                          mponents\osal\include\ -I                          #
#                          F:\¹âÅÌ×ÊÁÏ\ETC-WSNÎïÁªÍø¹âÅÌ×ÊÁÏ210\ZigBeeÍøÂç\WS #
#                          N-CSÔ´Âë\ZStack-CC2530-2.5.1a\Projects\zstack\Util #
#                          ities\SerialApp\CC2530DB\..\..\..\..\..\Components #
#                          \services\saddr\ -I F:\¹âÅÌ×ÊÁÏ\ETC-WSNÎïÁªÍø¹âÅÌ× #
#                          ÊÁÏ210\ZigBeeÍøÂç\WSN-CSÔ´Âë\ZStack-CC2530-2.5.1a\ #
#                          Projects\zstack\Utilities\SerialApp\CC2530DB\..\.. #
#                          \..\..\..\Components\services\sdata\ -I            #
#                          F:\¹âÅÌ×ÊÁÏ\ETC-WSNÎïÁªÍø¹âÅÌ×ÊÁÏ210\ZigBeeÍøÂç\WS #
#                          N-CSÔ´Âë\ZStack-CC2530-2.5.1a\Projects\zstack\Util #
#                          ities\SerialApp\CC2530DB\..\..\..\..\..\Components #
#                          \stack\af\ -I F:\¹âÅÌ×ÊÁÏ\ETC-WSNÎïÁªÍø¹âÅÌ×ÊÁÏ210 #
#                          \ZigBeeÍøÂç\WSN-CSÔ´Âë\ZStack-CC2530-2.5.1a\Projec #
#                          ts\zstack\Utilities\SerialApp\CC2530DB\..\..\..\.. #
#                          \..\Components\stack\nwk\ -I                       #
#                          F:\¹âÅÌ×ÊÁÏ\ETC-WSNÎïÁªÍø¹âÅÌ×ÊÁÏ210\ZigBeeÍøÂç\WS #
#                          N-CSÔ´Âë\ZStack-CC2530-2.5.1a\Projects\zstack\Util #
#                          ities\SerialApp\CC2530DB\..\..\..\..\..\Components #
#                          \stack\sapi\ -I F:\¹âÅÌ×ÊÁÏ\ETC-WSNÎïÁªÍø¹âÅÌ×ÊÁÏ2 #
#                          10\ZigBeeÍøÂç\WSN-CSÔ´Âë\ZStack-CC2530-2.5.1a\Proj #
#                          ects\zstack\Utilities\SerialApp\CC2530DB\..\..\..\ #
#                          ..\..\Components\stack\sec\ -I                     #
#                          F:\¹âÅÌ×ÊÁÏ\ETC-WSNÎïÁªÍø¹âÅÌ×ÊÁÏ210\ZigBeeÍøÂç\WS #
#                          N-CSÔ´Âë\ZStack-CC2530-2.5.1a\Projects\zstack\Util #
#                          ities\SerialApp\CC2530DB\..\..\..\..\..\Components #
#                          \stack\sys\ -I F:\¹âÅÌ×ÊÁÏ\ETC-WSNÎïÁªÍø¹âÅÌ×ÊÁÏ21 #
#                          0\ZigBeeÍøÂç\WSN-CSÔ´Âë\ZStack-CC2530-2.5.1a\Proje #
#                          cts\zstack\Utilities\SerialApp\CC2530DB\..\..\..\. #
#                          .\..\Components\stack\zdo\ -I                      #
#                          F:\¹âÅÌ×ÊÁÏ\ETC-WSNÎïÁªÍø¹âÅÌ×ÊÁÏ210\ZigBeeÍøÂç\WS #
#                          N-CSÔ´Âë\ZStack-CC2530-2.5.1a\Projects\zstack\Util #
#                          ities\SerialApp\CC2530DB\..\..\..\..\..\Components #
#                          \zmac\ -I F:\¹âÅÌ×ÊÁÏ\ETC-WSNÎïÁªÍø¹âÅÌ×ÊÁÏ210\Zig #
#                          BeeÍøÂç\WSN-CSÔ´Âë\ZStack-CC2530-2.5.1a\Projects\z #
#                          stack\Utilities\SerialApp\CC2530DB\..\..\..\..\..\ #
#                          Components\zmac\f8w\ -Ohz --require_prototypes     #
#    List file          =  F:\¹âÅÌ×ÊÁÏ\ETC-WSNÎïÁªÍø¹âÅÌ×ÊÁÏ210\ZigBeeÍøÂç\WS #
#                          N-CSÔ´Âë\ZStack-CC2530-2.5.1a\Projects\zstack\Util #
#                          ities\SerialApp\CC2530DB\CoordinatorEB\List\F08_AS #
#                          CII.lst                                            #
#    Object file        =  F:\¹âÅÌ×ÊÁÏ\ETC-WSNÎïÁªÍø¹âÅÌ×ÊÁÏ210\ZigBeeÍøÂç\WS #
#                          N-CSÔ´Âë\ZStack-CC2530-2.5.1a\Projects\zstack\Util #
#                          ities\SerialApp\CC2530DB\CoordinatorEB\Obj\F08_ASC #
#                          II.r51                                             #
#                                                                             #
#                                                                             #
###############################################################################

F:\¹âÅÌ×ÊÁÏ\ETC-WSNÎïÁªÍø¹âÅÌ×ÊÁÏ210\ZigBeeÍøÂç\WSN-CSÔ´Âë\ZStack-CC2530-2.5.1a\Components\uCGUI\Font\F08_ASCII.c
      1          /*
      2          *********************************************************************************************************
      3          *                                                uC/GUI
      4          *                        Universal graphic software for embedded applications
      5          *
      6          *                       (c) Copyright 2002, Micrium Inc., Weston, FL
      7          *                       (c) Copyright 2002, SEGGER Microcontroller Systeme GmbH
      8          *
      9          *              µC/GUI is protected by international copyright laws. Knowledge of the
     10          *              source code may not be used to write a similar product. This file may
     11          *              only be used in accordance with a license and should not be redistributed
     12          *              in any way. We appreciate your understanding and fairness.
     13          *
     14          ----------------------------------------------------------------------
     15          File        : F8_ASCII.C
     16          Purpose     : Proportional 8 pixel font, ASCII character set
     17          Height      : 8
     18          ---------------------------END-OF-HEADER------------------------------
     19          */
     20          
     21          #include "GUI_FontIntern.h"
     22          

   \                                 In  segment XDATA_ROM_C, align 1
     23          GUI_CONST_STORAGE unsigned char acFont8ASCII[][8] = {
   \                     acFont8ASCII:
   \   000000   00           DB 0
   \   000001   00           DB 0
   \   000002   00           DB 0
   \   000003   00           DB 0
   \   000004   00           DB 0
   \   000005   00           DB 0
   \   000006   00           DB 0
   \   000007   00           DB 0
   \   000008   80           DB 128
   \   000009   80           DB 128
   \   00000A   80           DB 128
   \   00000B   80           DB 128
   \   00000C   80           DB 128
   \   00000D   00           DB 0
   \   00000E   80           DB 128
   \   00000F   00           DB 0
   \   000010   A0           DB 160
   \   000011   A0           DB 160
   \   000012   A0           DB 160
   \   000013   00           DB 0
   \   000014   00           DB 0
   \   000015   00           DB 0
   \   000016   00           DB 0
   \   000017   00           DB 0
   \   000018   50           DB 80
   \   000019   50           DB 80
   \   00001A   F8           DB 248
   \   00001B   50           DB 80
   \   00001C   F8           DB 248
   \   00001D   50           DB 80
   \   00001E   50           DB 80
   \   00001F   00           DB 0
   \   000020   20           DB 32
   \   000021   78           DB 120
   \   000022   A0           DB 160
   \   000023   70           DB 112
   \   000024   28           DB 40
   \   000025   F0           DB 240
   \   000026   20           DB 32
   \   000027   00           DB 0
   \   000028   C0           DB 192
   \   000029   C8           DB 200
   \   00002A   10           DB 16
   \   00002B   20           DB 32
   \   00002C   40           DB 64
   \   00002D   98           DB 152
   \   00002E   18           DB 24
   \   00002F   00           DB 0
   \   000030   60           DB 96
   \   000031   90           DB 144
   \   000032   A0           DB 160
   \   000033   40           DB 64
   \   000034   A8           DB 168
   \   000035   90           DB 144
   \   000036   68           DB 104
   \   000037   00           DB 0
   \   000038   C0           DB 192
   \   000039   40           DB 64
   \   00003A   80           DB 128
   \   00003B   00           DB 0
   \   00003C   00           DB 0
   \   00003D   00           DB 0
   \   00003E   00           DB 0
   \   00003F   00           DB 0
   \   000040   20           DB 32
   \   000041   40           DB 64
   \   000042   80           DB 128
   \   000043   80           DB 128
   \   000044   80           DB 128
   \   000045   40           DB 64
   \   000046   20           DB 32
   \   000047   00           DB 0
   \   000048   80           DB 128
   \   000049   40           DB 64
   \   00004A   20           DB 32
   \   00004B   20           DB 32
   \   00004C   20           DB 32
   \   00004D   40           DB 64
   \   00004E   80           DB 128
   \   00004F   00           DB 0
   \   000050   00           DB 0
   \   000051   50           DB 80
   \   000052   20           DB 32
   \   000053   F8           DB 248
   \   000054   20           DB 32
   \   000055   50           DB 80
   \   000056   00           DB 0
   \   000057   00           DB 0
   \   000058   00           DB 0
   \   000059   20           DB 32
   \   00005A   20           DB 32
   \   00005B   F8           DB 248
   \   00005C   20           DB 32
   \   00005D   20           DB 32
   \   00005E   00           DB 0
   \   00005F   00           DB 0
   \   000060   00           DB 0
   \   000061   00           DB 0
   \   000062   00           DB 0
   \   000063   00           DB 0
   \   000064   00           DB 0
   \   000065   C0           DB 192
   \   000066   40           DB 64
   \   000067   80           DB 128
   \   000068   00           DB 0
   \   000069   00           DB 0
   \   00006A   00           DB 0
   \   00006B   F8           DB 248
   \   00006C   00           DB 0
   \   00006D   00           DB 0
   \   00006E   00           DB 0
   \   00006F   00           DB 0
   \   000070   00           DB 0
   \   000071   00           DB 0
   \   000072   00           DB 0
   \   000073   00           DB 0
   \   000074   00           DB 0
   \   000075   C0           DB 192
   \   000076   C0           DB 192
   \   000077   00           DB 0
   \   000078   00           DB 0
   \   000079   08           DB 8
   \   00007A   10           DB 16
   \   00007B   20           DB 32
   \   00007C   40           DB 64
   \   00007D   80           DB 128
   \   00007E   00           DB 0
   \   00007F   00           DB 0
   \   000080   70           DB 112
   \   000081   88           DB 136
   \   000082   98           DB 152
   \   000083   A8           DB 168
   \   000084   C8           DB 200
   \   000085   88           DB 136
   \   000086   70           DB 112
   \   000087   00           DB 0
   \   000088   20           DB 32
   \   000089   60           DB 96
   \   00008A   20           DB 32
   \   00008B   20           DB 32
   \   00008C   20           DB 32
   \   00008D   20           DB 32
   \   00008E   70           DB 112
   \   00008F   00           DB 0
   \   000090   70           DB 112
   \   000091   88           DB 136
   \   000092   08           DB 8
   \   000093   30           DB 48
   \   000094   40           DB 64
   \   000095   80           DB 128
   \   000096   F8           DB 248
   \   000097   00           DB 0
   \   000098   70           DB 112
   \   000099   88           DB 136
   \   00009A   08           DB 8
   \   00009B   30           DB 48
   \   00009C   08           DB 8
   \   00009D   88           DB 136
   \   00009E   70           DB 112
   \   00009F   00           DB 0
   \   0000A0   10           DB 16
   \   0000A1   30           DB 48
   \   0000A2   50           DB 80
   \   0000A3   90           DB 144
   \   0000A4   F8           DB 248
   \   0000A5   10           DB 16
   \   0000A6   10           DB 16
   \   0000A7   00           DB 0
   \   0000A8   F8           DB 248
   \   0000A9   80           DB 128
   \   0000AA   F0           DB 240
   \   0000AB   08           DB 8
   \   0000AC   08           DB 8
   \   0000AD   88           DB 136
   \   0000AE   70           DB 112
   \   0000AF   00           DB 0
   \   0000B0   30           DB 48
   \   0000B1   40           DB 64
   \   0000B2   80           DB 128
   \   0000B3   F0           DB 240
   \   0000B4   88           DB 136
   \   0000B5   88           DB 136
   \   0000B6   70           DB 112
   \   0000B7   00           DB 0
   \   0000B8   F8           DB 248
   \   0000B9   08           DB 8
   \   0000BA   10           DB 16
   \   0000BB   20           DB 32
   \   0000BC   40           DB 64
   \   0000BD   40           DB 64
   \   0000BE   40           DB 64
   \   0000BF   00           DB 0
   \   0000C0   70           DB 112
   \   0000C1   88           DB 136
   \   0000C2   88           DB 136
   \   0000C3   70           DB 112
   \   0000C4   88           DB 136
   \   0000C5   88           DB 136
   \   0000C6   70           DB 112
   \   0000C7   00           DB 0
   \   0000C8   70           DB 112
   \   0000C9   88           DB 136
   \   0000CA   88           DB 136
   \   0000CB   78           DB 120
   \   0000CC   08           DB 8
   \   0000CD   10           DB 16
   \   0000CE   60           DB 96
   \   0000CF   00           DB 0
   \   0000D0   00           DB 0
   \   0000D1   C0           DB 192
   \   0000D2   C0           DB 192
   \   0000D3   00           DB 0
   \   0000D4   C0           DB 192
   \   0000D5   C0           DB 192
   \   0000D6   00           DB 0
   \   0000D7   00           DB 0
   \   0000D8   00           DB 0
   \   0000D9   00           DB 0
   \   0000DA   C0           DB 192
   \   0000DB   C0           DB 192
   \   0000DC   00           DB 0
   \   0000DD   C0           DB 192
   \   0000DE   40           DB 64
   \   0000DF   80           DB 128
   \   0000E0   10           DB 16
   \   0000E1   20           DB 32
   \   0000E2   40           DB 64
   \   0000E3   80           DB 128
   \   0000E4   40           DB 64
   \   0000E5   20           DB 32
   \   0000E6   10           DB 16
   \   0000E7   00           DB 0
   \   0000E8   00           DB 0
   \   0000E9   00           DB 0
   \   0000EA   F8           DB 248
   \   0000EB   00           DB 0
   \   0000EC   F8           DB 248
   \   0000ED   00           DB 0
   \   0000EE   00           DB 0
   \   0000EF   00           DB 0
   \   0000F0   80           DB 128
   \   0000F1   40           DB 64
   \   0000F2   20           DB 32
   \   0000F3   10           DB 16
   \   0000F4   20           DB 32
   \   0000F5   40           DB 64
   \   0000F6   80           DB 128
   \   0000F7   00           DB 0
   \   0000F8   70           DB 112
   \   0000F9   88           DB 136
   \   0000FA   08           DB 8
   \   0000FB   10           DB 16
   \   0000FC   20           DB 32
   \   0000FD   00           DB 0
   \   0000FE   20           DB 32
   \   0000FF   00           DB 0
   \   000100   70           DB 112
   \   000101   88           DB 136
   \   000102   08           DB 8
   \   000103   68           DB 104
   \   000104   A8           DB 168
   \   000105   A8           DB 168
   \   000106   70           DB 112
   \   000107   00           DB 0
   \   000108   70           DB 112
   \   000109   88           DB 136
   \   00010A   88           DB 136
   \   00010B   F8           DB 248
   \   00010C   88           DB 136
   \   00010D   88           DB 136
   \   00010E   88           DB 136
   \   00010F   00           DB 0
   \   000110   F0           DB 240
   \   000111   88           DB 136
   \   000112   88           DB 136
   \   000113   F0           DB 240
   \   000114   88           DB 136
   \   000115   88           DB 136
   \   000116   F0           DB 240
   \   000117   00           DB 0
   \   000118   70           DB 112
   \   000119   88           DB 136
   \   00011A   80           DB 128
   \   00011B   80           DB 128
   \   00011C   80           DB 128
   \   00011D   88           DB 136
   \   00011E   70           DB 112
   \   00011F   00           DB 0
   \   000120   E0           DB 224
   \   000121   90           DB 144
   \   000122   88           DB 136
   \   000123   88           DB 136
   \   000124   88           DB 136
   \   000125   90           DB 144
   \   000126   E0           DB 224
   \   000127   00           DB 0
   \   000128   F8           DB 248
   \   000129   80           DB 128
   \   00012A   80           DB 128
   \   00012B   F0           DB 240
   \   00012C   80           DB 128
   \   00012D   80           DB 128
   \   00012E   F8           DB 248
   \   00012F   00           DB 0
   \   000130   F8           DB 248
   \   000131   80           DB 128
   \   000132   80           DB 128
   \   000133   F0           DB 240
   \   000134   80           DB 128
   \   000135   80           DB 128
   \   000136   80           DB 128
   \   000137   00           DB 0
   \   000138   70           DB 112
   \   000139   88           DB 136
   \   00013A   80           DB 128
   \   00013B   80           DB 128
   \   00013C   98           DB 152
   \   00013D   88           DB 136
   \   00013E   78           DB 120
   \   00013F   00           DB 0
   \   000140   88           DB 136
   \   000141   88           DB 136
   \   000142   88           DB 136
   \   000143   F8           DB 248
   \   000144   88           DB 136
   \   000145   88           DB 136
   \   000146   88           DB 136
   \   000147   00           DB 0
   \   000148   E0           DB 224
   \   000149   40           DB 64
   \   00014A   40           DB 64
   \   00014B   40           DB 64
   \   00014C   40           DB 64
   \   00014D   40           DB 64
   \   00014E   E0           DB 224
   \   00014F   00           DB 0
   \   000150   38           DB 56
   \   000151   10           DB 16
   \   000152   10           DB 16
   \   000153   10           DB 16
   \   000154   10           DB 16
   \   000155   90           DB 144
   \   000156   60           DB 96
   \   000157   00           DB 0
   \   000158   88           DB 136
   \   000159   90           DB 144
   \   00015A   A0           DB 160
   \   00015B   C0           DB 192
   \   00015C   A0           DB 160
   \   00015D   90           DB 144
   \   00015E   88           DB 136
   \   00015F   00           DB 0
   \   000160   80           DB 128
   \   000161   80           DB 128
   \   000162   80           DB 128
   \   000163   80           DB 128
   \   000164   80           DB 128
   \   000165   80           DB 128
   \   000166   F8           DB 248
   \   000167   00           DB 0
   \   000168   88           DB 136
   \   000169   D8           DB 216
   \   00016A   A8           DB 168
   \   00016B   A8           DB 168
   \   00016C   88           DB 136
   \   00016D   88           DB 136
   \   00016E   88           DB 136
   \   00016F   00           DB 0
   \   000170   88           DB 136
   \   000171   88           DB 136
   \   000172   C8           DB 200
   \   000173   A8           DB 168
   \   000174   98           DB 152
   \   000175   88           DB 136
   \   000176   88           DB 136
   \   000177   00           DB 0
   \   000178   70           DB 112
   \   000179   88           DB 136
   \   00017A   88           DB 136
   \   00017B   88           DB 136
   \   00017C   88           DB 136
   \   00017D   88           DB 136
   \   00017E   70           DB 112
   \   00017F   00           DB 0
   \   000180   F0           DB 240
   \   000181   88           DB 136
   \   000182   88           DB 136
   \   000183   F0           DB 240
   \   000184   80           DB 128
   \   000185   80           DB 128
   \   000186   80           DB 128
   \   000187   00           DB 0
   \   000188   70           DB 112
   \   000189   88           DB 136
   \   00018A   88           DB 136
   \   00018B   88           DB 136
   \   00018C   A8           DB 168
   \   00018D   90           DB 144
   \   00018E   68           DB 104
   \   00018F   00           DB 0
   \   000190   F0           DB 240
   \   000191   88           DB 136
   \   000192   88           DB 136
   \   000193   F0           DB 240
   \   000194   A0           DB 160
   \   000195   90           DB 144
   \   000196   88           DB 136
   \   000197   00           DB 0
   \   000198   70           DB 112
   \   000199   88           DB 136
   \   00019A   80           DB 128
   \   00019B   70           DB 112
   \   00019C   08           DB 8
   \   00019D   88           DB 136
   \   00019E   70           DB 112
   \   00019F   00           DB 0
   \   0001A0   F8           DB 248
   \   0001A1   20           DB 32
   \   0001A2   20           DB 32
   \   0001A3   20           DB 32
   \   0001A4   20           DB 32
   \   0001A5   20           DB 32
   \   0001A6   20           DB 32
   \   0001A7   00           DB 0
   \   0001A8   88           DB 136
   \   0001A9   88           DB 136
   \   0001AA   88           DB 136
   \   0001AB   88           DB 136
   \   0001AC   88           DB 136
   \   0001AD   88           DB 136
   \   0001AE   70           DB 112
   \   0001AF   00           DB 0
   \   0001B0   88           DB 136
   \   0001B1   88           DB 136
   \   0001B2   88           DB 136
   \   0001B3   88           DB 136
   \   0001B4   88           DB 136
   \   0001B5   50           DB 80
   \   0001B6   20           DB 32
   \   0001B7   00           DB 0
   \   0001B8   88           DB 136
   \   0001B9   88           DB 136
   \   0001BA   88           DB 136
   \   0001BB   A8           DB 168
   \   0001BC   A8           DB 168
   \   0001BD   A8           DB 168
   \   0001BE   50           DB 80
   \   0001BF   00           DB 0
   \   0001C0   88           DB 136
   \   0001C1   88           DB 136
   \   0001C2   50           DB 80
   \   0001C3   20           DB 32
   \   0001C4   50           DB 80
   \   0001C5   88           DB 136
   \   0001C6   88           DB 136
   \   0001C7   00           DB 0
   \   0001C8   88           DB 136
   \   0001C9   88           DB 136
   \   0001CA   50           DB 80
   \   0001CB   20           DB 32
   \   0001CC   20           DB 32
   \   0001CD   20           DB 32
   \   0001CE   20           DB 32
   \   0001CF   00           DB 0
   \   0001D0   F8           DB 248
   \   0001D1   08           DB 8
   \   0001D2   10           DB 16
   \   0001D3   20           DB 32
   \   0001D4   40           DB 64
   \   0001D5   80           DB 128
   \   0001D6   F8           DB 248
   \   0001D7   00           DB 0
   \   0001D8   E0           DB 224
   \   0001D9   80           DB 128
   \   0001DA   80           DB 128
   \   0001DB   80           DB 128
   \   0001DC   80           DB 128
   \   0001DD   80           DB 128
   \   0001DE   E0           DB 224
   \   0001DF   00           DB 0
   \   0001E0   00           DB 0
   \   0001E1   80           DB 128
   \   0001E2   40           DB 64
   \   0001E3   20           DB 32
   \   0001E4   10           DB 16
   \   0001E5   08           DB 8
   \   0001E6   00           DB 0
   \   0001E7   00           DB 0
   \   0001E8   E0           DB 224
   \   0001E9   20           DB 32
   \   0001EA   20           DB 32
   \   0001EB   20           DB 32
   \   0001EC   20           DB 32
   \   0001ED   20           DB 32
   \   0001EE   E0           DB 224
   \   0001EF   00           DB 0
   \   0001F0   20           DB 32
   \   0001F1   50           DB 80
   \   0001F2   88           DB 136
   \   0001F3   00           DB 0
   \   0001F4   00           DB 0
   \   0001F5   00           DB 0
   \   0001F6   00           DB 0
   \   0001F7   00           DB 0
   \   0001F8   00           DB 0
   \   0001F9   00           DB 0
   \   0001FA   00           DB 0
   \   0001FB   00           DB 0
   \   0001FC   00           DB 0
   \   0001FD   00           DB 0
   \   0001FE   00           DB 0
   \   0001FF   F8           DB 248
   \   000200   80           DB 128
   \   000201   40           DB 64
   \   000202   20           DB 32
   \   000203   00           DB 0
   \   000204   00           DB 0
   \   000205   00           DB 0
   \   000206   00           DB 0
   \   000207   00           DB 0
   \   000208   00           DB 0
   \   000209   00           DB 0
   \   00020A   70           DB 112
   \   00020B   08           DB 8
   \   00020C   78           DB 120
   \   00020D   88           DB 136
   \   00020E   78           DB 120
   \   00020F   00           DB 0
   \   000210   80           DB 128
   \   000211   80           DB 128
   \   000212   B0           DB 176
   \   000213   C8           DB 200
   \   000214   88           DB 136
   \   000215   88           DB 136
   \   000216   F0           DB 240
   \   000217   00           DB 0
   \   000218   00           DB 0
   \   000219   00           DB 0
   \   00021A   60           DB 96
   \   00021B   90           DB 144
   \   00021C   80           DB 128
   \   00021D   90           DB 144
   \   00021E   60           DB 96
   \   00021F   00           DB 0
   \   000220   08           DB 8
   \   000221   08           DB 8
   \   000222   68           DB 104
   \   000223   98           DB 152
   \   000224   88           DB 136
   \   000225   88           DB 136
   \   000226   78           DB 120
   \   000227   00           DB 0
   \   000228   00           DB 0
   \   000229   00           DB 0
   \   00022A   70           DB 112
   \   00022B   88           DB 136
   \   00022C   F8           DB 248
   \   00022D   80           DB 128
   \   00022E   70           DB 112
   \   00022F   00           DB 0
   \   000230   20           DB 32
   \   000231   50           DB 80
   \   000232   40           DB 64
   \   000233   E0           DB 224
   \   000234   40           DB 64
   \   000235   40           DB 64
   \   000236   40           DB 64
   \   000237   00           DB 0
   \   000238   00           DB 0
   \   000239   00           DB 0
   \   00023A   78           DB 120
   \   00023B   88           DB 136
   \   00023C   88           DB 136
   \   00023D   78           DB 120
   \   00023E   08           DB 8
   \   00023F   70           DB 112
   \   000240   80           DB 128
   \   000241   80           DB 128
   \   000242   B0           DB 176
   \   000243   C8           DB 200
   \   000244   88           DB 136
   \   000245   88           DB 136
   \   000246   88           DB 136
   \   000247   00           DB 0
   \   000248   80           DB 128
   \   000249   00           DB 0
   \   00024A   80           DB 128
   \   00024B   80           DB 128
   \   00024C   80           DB 128
   \   00024D   80           DB 128
   \   00024E   80           DB 128
   \   00024F   00           DB 0
   \   000250   20           DB 32
   \   000251   00           DB 0
   \   000252   60           DB 96
   \   000253   20           DB 32
   \   000254   20           DB 32
   \   000255   20           DB 32
   \   000256   20           DB 32
   \   000257   C0           DB 192
   \   000258   80           DB 128
   \   000259   80           DB 128
   \   00025A   90           DB 144
   \   00025B   A0           DB 160
   \   00025C   C0           DB 192
   \   00025D   A0           DB 160
   \   00025E   90           DB 144
   \   00025F   00           DB 0
   \   000260   C0           DB 192
   \   000261   40           DB 64
   \   000262   40           DB 64
   \   000263   40           DB 64
   \   000264   40           DB 64
   \   000265   40           DB 64
   \   000266   E0           DB 224
   \   000267   00           DB 0
   \   000268   00           DB 0
   \   000269   00           DB 0
   \   00026A   D0           DB 208
   \   00026B   A8           DB 168
   \   00026C   88           DB 136
   \   00026D   88           DB 136
   \   00026E   88           DB 136
   \   00026F   00           DB 0
   \   000270   00           DB 0
   \   000271   00           DB 0
   \   000272   B0           DB 176
   \   000273   D0           DB 208
   \   000274   90           DB 144
   \   000275   90           DB 144
   \   000276   90           DB 144
   \   000277   00           DB 0
   \   000278   00           DB 0
   \   000279   00           DB 0
   \   00027A   60           DB 96
   \   00027B   90           DB 144
   \   00027C   90           DB 144
   \   00027D   90           DB 144
   \   00027E   60           DB 96
   \   00027F   00           DB 0
   \   000280   00           DB 0
   \   000281   00           DB 0
   \   000282   E0           DB 224
   \   000283   90           DB 144
   \   000284   90           DB 144
   \   000285   E0           DB 224
   \   000286   80           DB 128
   \   000287   80           DB 128
   \   000288   00           DB 0
   \   000289   00           DB 0
   \   00028A   70           DB 112
   \   00028B   90           DB 144
   \   00028C   90           DB 144
   \   00028D   70           DB 112
   \   00028E   10           DB 16
   \   00028F   10           DB 16
   \   000290   00           DB 0
   \   000291   00           DB 0
   \   000292   A0           DB 160
   \   000293   C0           DB 192
   \   000294   80           DB 128
   \   000295   80           DB 128
   \   000296   80           DB 128
   \   000297   00           DB 0
   \   000298   00           DB 0
   \   000299   00           DB 0
   \   00029A   70           DB 112
   \   00029B   80           DB 128
   \   00029C   60           DB 96
   \   00029D   10           DB 16
   \   00029E   E0           DB 224
   \   00029F   00           DB 0
   \   0002A0   40           DB 64
   \   0002A1   40           DB 64
   \   0002A2   E0           DB 224
   \   0002A3   40           DB 64
   \   0002A4   40           DB 64
   \   0002A5   40           DB 64
   \   0002A6   40           DB 64
   \   0002A7   00           DB 0
   \   0002A8   00           DB 0
   \   0002A9   00           DB 0
   \   0002AA   90           DB 144
   \   0002AB   90           DB 144
   \   0002AC   90           DB 144
   \   0002AD   90           DB 144
   \   0002AE   70           DB 112
   \   0002AF   00           DB 0
   \   0002B0   00           DB 0
   \   0002B1   00           DB 0
   \   0002B2   88           DB 136
   \   0002B3   88           DB 136
   \   0002B4   88           DB 136
   \   0002B5   50           DB 80
   \   0002B6   20           DB 32
   \   0002B7   00           DB 0
   \   0002B8   00           DB 0
   \   0002B9   00           DB 0
   \   0002BA   88           DB 136
   \   0002BB   88           DB 136
   \   0002BC   A8           DB 168
   \   0002BD   A8           DB 168
   \   0002BE   50           DB 80
   \   0002BF   00           DB 0
   \   0002C0   00           DB 0
   \   0002C1   00           DB 0
   \   0002C2   88           DB 136
   \   0002C3   50           DB 80
   \   0002C4   20           DB 32
   \   0002C5   50           DB 80
   \   0002C6   88           DB 136
   \   0002C7   00           DB 0
   \   0002C8   00           DB 0
   \   0002C9   00           DB 0
   \   0002CA   90           DB 144
   \   0002CB   90           DB 144
   \   0002CC   90           DB 144
   \   0002CD   70           DB 112
   \   0002CE   10           DB 16
   \   0002CF   60           DB 96
   \   0002D0   00           DB 0
   \   0002D1   00           DB 0
   \   0002D2   F8           DB 248
   \   0002D3   10           DB 16
   \   0002D4   20           DB 32
   \   0002D5   40           DB 64
   \   0002D6   F8           DB 248
   \   0002D7   00           DB 0
   \   0002D8   20           DB 32
   \   0002D9   40           DB 64
   \   0002DA   40           DB 64
   \   0002DB   80           DB 128
   \   0002DC   40           DB 64
   \   0002DD   40           DB 64
   \   0002DE   20           DB 32
   \   0002DF   00           DB 0
   \   0002E0   40           DB 64
   \   0002E1   40           DB 64
   \   0002E2   40           DB 64
   \   0002E3   40           DB 64
   \   0002E4   40           DB 64
   \   0002E5   40           DB 64
   \   0002E6   40           DB 64
   \   0002E7   00           DB 0
   \   0002E8   80           DB 128
   \   0002E9   40           DB 64
   \   0002EA   40           DB 64
   \   0002EB   20           DB 32
   \   0002EC   40           DB 64
   \   0002ED   40           DB 64
   \   0002EE   80           DB 128
   \   0002EF   00           DB 0
   \   0002F0   68           DB 104
   \   0002F1   90           DB 144
   \   0002F2   00           DB 0
   \   0002F3   00           DB 0
   \   0002F4   00           DB 0
   \   0002F5   00           DB 0
   \   0002F6   00           DB 0
   \   0002F7   00           DB 0
     24            {
     25             ________,
     26             ________,
     27             ________,
     28             ________,
     29             ________,
     30             ________,
     31             ________,
     32             ________}
     33          
     34          /*  !  */
     35           ,{
     36             X_______,
     37             X_______,
     38             X_______,
     39             X_______,
     40             X_______,
     41             ________,
     42             X_______,
     43             ________}
     44          
     45          
     46          /*  "  */
     47           ,{
     48             X_X_____,
     49             X_X_____,
     50             X_X_____,
     51             ________,
     52             ________,
     53             ________,
     54             ________,
     55             ________}
     56          
     57          /* #  */
     58           ,{
     59             _X_X____,
     60             _X_X____,
     61             XXXXX___,
     62             _X_X____,
     63             XXXXX___,
     64             _X_X____,
     65             _X_X____,
     66             ________}
     67          
     68          /*  $  */
     69           ,{
     70             __X_____,
     71             _XXXX___,
     72             X_X_____,
     73             _XXX____,
     74             __X_X___,
     75             XXXX____,
     76             __X_____}
     77          
     78          /*  %  */
     79           ,{
     80             XX______,
     81             XX__X___,
     82             ___X____,
     83             __X_____,
     84             _X______,
     85             X__XX___,
     86             ___XX___,
     87             ________}
     88          
     89          /*  &  */
     90           ,{
     91             _XX_____,
     92             X__X____,
     93             X_X_____,
     94             _X______,
     95             X_X_X___,
     96             X__X____,
     97             _XX_X___,
     98             ________}
     99          
    100          /*  '  */
    101           ,{
    102             XX______,
    103             _X______,
    104             X_______,
    105             ________,
    106             ________,
    107             ________,
    108             ________,
    109             ________}
    110          
    111          /*  (  */
    112           ,{
    113             __X_____,
    114             _X______,
    115             X_______,
    116             X_______,
    117             X_______,
    118             _X______,
    119             __X_____,
    120             ________}
    121          
    122          /*  )  */
    123           ,{
    124             X_______,
    125             _X______,
    126             __X_____,
    127             __X_____,
    128             __X_____,
    129             _X______,
    130             X_______,
    131             ________}
    132          
    133          /*  *  */
    134           ,{
    135             ________,
    136             _X_X____,
    137             __X_____,
    138             XXXXX___,
    139             __X_____,
    140             _X_X____,
    141             ________,
    142             ________}
    143          
    144           ,{
    145             ________,
    146             __X_____,
    147             __X_____,
    148             XXXXX___,
    149             __X_____,
    150             __X_____,
    151             ________,
    152             ________}
    153          
    154           ,{
    155             ________,
    156             ________,
    157             ________,
    158             ________,
    159             ________,
    160             XX______,
    161             _X______,
    162             X_______}
    163          
    164           ,{
    165             ________,
    166             ________,
    167             ________,
    168             XXXXX___,
    169             ________,
    170             ________,
    171             ________,
    172             ________}
    173          
    174           ,{
    175             ________,
    176             ________,
    177             ________,
    178             ________,
    179             ________,
    180             XX______,
    181             XX______,
    182             ________}
    183          
    184           ,{
    185             ________,
    186             ____X___,
    187             ___X____,
    188             __X_____,
    189             _X______,
    190             X_______,
    191             ________,
    192             ________}
    193          
    194          /* 0 */
    195           ,{
    196             _XXX____,
    197             X___X___,
    198             X__XX___,
    199             X_X_X___,
    200             XX__X___,
    201             X___X___,
    202             _XXX____,
    203             ________}
    204          
    205          /* 1 */
    206           ,{
    207             __X_____,
    208             _XX_____,
    209             __X_____,
    210             __X_____,
    211             __X_____,
    212             __X_____,
    213             _XXX____,
    214             ________}
    215          
    216          /* 2 */
    217           ,{
    218             _XXX____,
    219             X___X___,
    220             ____X___,
    221             __XX____,
    222             _X______,
    223             X_______,
    224             XXXXX___,
    225             ________}
    226          
    227          /* 3 */
    228           ,{
    229             _XXX____,
    230             X___X___,
    231             ____X___,
    232             __XX____,
    233             ____X___,
    234             X___X___,
    235             _XXX____,
    236             ________}
    237          
    238          /* 4 */
    239           ,{
    240             ___X____,
    241             __XX____,
    242             _X_X____,
    243             X__X____,
    244             XXXXX___,
    245             ___X____,
    246             ___X____,
    247             ________}
    248          
    249          /* 5 */
    250           ,{
    251             XXXXX___,
    252             X_______,
    253             XXXX____,
    254             ____X___,
    255             ____X___,
    256             X___X___,
    257             _XXX____,
    258             ________}
    259          
    260          /* 6 */
    261           ,{
    262             __XX____,
    263             _X______,
    264             X_______,
    265             XXXX____,
    266             X___X___,
    267             X___X___,
    268             _XXX____,
    269             ________}
    270          
    271          /* 7 */
    272           ,{
    273             XXXXX___,
    274             ____X___,
    275             ___X____,
    276             __X_____,
    277             _X______,
    278             _X______,
    279             _X______,
    280             ________}
    281          
    282          /* 8 */
    283           ,{
    284             _XXX____,
    285             X___X___,
    286             X___X___,
    287             _XXX____,
    288             X___X___,
    289             X___X___,
    290             _XXX____,
    291             ________}
    292          
    293          /* 9 */
    294           ,{
    295             _XXX____,
    296             X___X___,
    297             X___X___,
    298             _XXXX___,
    299             ____X___,
    300             ___X____,
    301             _XX_____,
    302             ________}
    303          
    304          /* ':' 3a */
    305           ,{
    306             ________,
    307             XX______,
    308             XX______,
    309             ________,
    310             XX______,
    311             XX______,
    312             ________,
    313             ________}
    314          
    315          /* ';' 3b */
    316           ,{
    317             ________,
    318             ________,
    319             XX______,
    320             XX______,
    321             ________,
    322             XX______,
    323             _X______,
    324             X_______}
    325          
    326          
    327          /* '<' 3c */
    328           ,{
    329             ___X____,
    330             __X_____,
    331             _X______,
    332             X_______,
    333             _X______,
    334             __X_____,
    335             ___X____,
    336             ________}
    337          
    338          /* '=' 3d */
    339           ,{
    340             ________,
    341             ________,
    342             XXXXX___,
    343             ________,
    344             XXXXX___,
    345             ________,
    346             ________,
    347             ________}
    348          
    349          /* '>' */
    350           ,{
    351             X_______,
    352             _X______,
    353             __X_____,
    354             ___X____,
    355             __X_____,
    356             _X______,
    357             X_______,
    358             ________}
    359          
    360          /* '?' */
    361           ,{
    362             _XXX____,
    363             X___X___,
    364             ____X___,
    365             ___X____,
    366             __X_____,
    367             ________,
    368             __X_____,
    369             ________}
    370          
    371          /* @ */
    372           ,{
    373             _XXX____,
    374             X___X___,
    375             ____X___,
    376             _XX_X___,
    377             X_X_X___,
    378             X_X_X___,
    379             _XXX____,
    380             ________}
    381          
    382          /* A */
    383           ,{
    384             _XXX____,
    385             X___X___,
    386             X___X___,
    387             XXXXX___,
    388             X___X___,
    389             X___X___,
    390             X___X___,
    391             ________}
    392          
    393          /* B */
    394           ,{
    395             XXXX____,
    396             X___X___,
    397             X___X___,
    398             XXXX____,
    399             X___X___,
    400             X___X___,
    401             XXXX____,
    402             ________}
    403          
    404          /* C */
    405           ,{
    406             _XXX____,
    407             X___X___,
    408             X_______,
    409             X_______,
    410             X_______,
    411             X___X___,
    412             _XXX____,
    413             ________}
    414          
    415          /* D */
    416           ,{
    417             XXX_____,
    418             X__X____,
    419             X___X___,
    420             X___X___,
    421             X___X___,
    422             X__X____,
    423             XXX_____,
    424             ________}
    425          
    426          /* E */
    427           ,{
    428             XXXXX___,
    429             X_______,
    430             X_______,
    431             XXXX____,
    432             X_______,
    433             X_______,
    434             XXXXX___,
    435             ________}
    436          
    437          /* 1 */
    438           ,{
    439             XXXXX___,
    440             X_______,
    441             X_______,
    442             XXXX____,
    443             X_______,
    444             X_______,
    445             X_______,
    446             ________}
    447          
    448          /* 1 */
    449           ,{
    450             _XXX____,
    451             X___X___,
    452             X_______,
    453             X_______,
    454             X__XX___,
    455             X___X___,
    456             _XXXX___,
    457             ________}
    458          
    459          /* 1 */
    460           ,{
    461             X___X___,
    462             X___X___,
    463             X___X___,
    464             XXXXX___,
    465             X___X___,
    466             X___X___,
    467             X___X___,
    468             ________}
    469          
    470          /* I */
    471           ,{
    472             XXX_____,
    473             _X______,
    474             _X______,
    475             _X______,
    476             _X______,
    477             _X______,
    478             XXX_____,
    479             ________}
    480          
    481          /* J */
    482           ,{
    483             __XXX___,
    484             ___X____,
    485             ___X____,
    486             ___X____,
    487             ___X____,
    488             X__X____,
    489             _XX_____,
    490             ________}
    491          
    492          /* K */
    493           ,{
    494             X___X___,
    495             X__X____,
    496             X_X_____,
    497             XX______,
    498             X_X_____,
    499             X__X____,
    500             X___X___,
    501             ________}
    502          
    503          /* L */
    504           ,{
    505             X_______,
    506             X_______,
    507             X_______,
    508             X_______,
    509             X_______,
    510             X_______,
    511             XXXXX___,
    512             ________}
    513          
    514          /* M */
    515           ,{
    516             X___X___,
    517             XX_XX___,
    518             X_X_X___,
    519             X_X_X___,
    520             X___X___,
    521             X___X___,
    522             X___X___,
    523             ________}
    524          
    525          /* N */
    526           ,{
    527             X___X___,
    528             X___X___,
    529             XX__X___,
    530             X_X_X___,
    531             X__XX___,
    532             X___X___,
    533             X___X___,
    534             ________}
    535          
    536          /* O */
    537           ,{
    538             _XXX____,
    539             X___X___,
    540             X___X___,
    541             X___X___,
    542             X___X___,
    543             X___X___,
    544             _XXX____,
    545             ________}
    546          
    547          /* P */
    548           ,{
    549             XXXX____,
    550             X___X___,
    551             X___X___,
    552             XXXX____,
    553             X_______,
    554             X_______,
    555             X_______,
    556             ________}
    557          
    558          /* Q */
    559           ,{
    560             _XXX____,
    561             X___X___,
    562             X___X___,
    563             X___X___,
    564             X_X_X___,
    565             X__X____,
    566             _XX_X___,
    567             ________}
    568          
    569          /* R */
    570           ,{
    571             XXXX____,
    572             X___X___,
    573             X___X___,
    574             XXXX____,
    575             X_X_____,
    576             X__X____,
    577             X___X___,
    578             ________}
    579          
    580          /* S */
    581           ,{
    582             _XXX____,
    583             X___X___,
    584             X_______,
    585             _XXX____,
    586             ____X___,
    587             X___X___,
    588             _XXX____,
    589             ________}
    590          
    591          /* T */
    592           ,{
    593             XXXXX___,
    594             __X_____,
    595             __X_____,
    596             __X_____,
    597             __X_____,
    598             __X_____,
    599             __X_____,
    600             ________}
    601          
    602          /* U */
    603           ,{
    604             X___X___,
    605             X___X___,
    606             X___X___,
    607             X___X___,
    608             X___X___,
    609             X___X___,
    610             _XXX____,
    611             ________}
    612          
    613          /* V */
    614           ,{
    615             X___X___,
    616             X___X___,
    617             X___X___,
    618             X___X___,
    619             X___X___,
    620             _X_X____,
    621             __X_____,
    622             ________}
    623          
    624          /* W */
    625           ,{
    626             X___X___,
    627             X___X___,
    628             X___X___,
    629             X_X_X___,
    630             X_X_X___,
    631             X_X_X___,
    632             _X_X____,
    633             ________}
    634          
    635          /* X */
    636           ,{
    637             X___X___,
    638             X___X___,
    639             _X_X____,
    640             __X_____,
    641             _X_X____,
    642             X___X___,
    643             X___X___,
    644             ________}
    645          
    646          /* Y */
    647           ,{
    648             X___X___,
    649             X___X___,
    650             _X_X____,
    651             __X_____,
    652             __X_____,
    653             __X_____,
    654             __X_____,
    655             ________}
    656          
    657          /* Z */
    658           ,{
    659             XXXXX___,
    660             ____X___,
    661             ___X____,
    662             __X_____,
    663             _X______,
    664             X_______,
    665             XXXXX___,
    666             ________}
    667          
    668          /* 5b */
    669           ,{
    670             XXX_____,
    671             X_______,
    672             X_______,
    673             X_______,
    674             X_______,
    675             X_______,
    676             XXX_____,
    677             ________}
    678          
    679          /* 5c */
    680           ,{
    681             ________,
    682             X_______,
    683             _X______,
    684             __X_____,
    685             ___X____,
    686             ____X___,
    687             ________,
    688             ________}
    689          
    690          /* 5d */
    691           ,{
    692             XXX_____,
    693             __X_____,
    694             __X_____,
    695             __X_____,
    696             __X_____,
    697             __X_____,
    698             XXX_____,
    699             ________}
    700          
    701          /* 5e */
    702           ,{
    703             __X_____,
    704             _X_X____,
    705             X___X___,
    706             ________,
    707             ________,
    708             ________,
    709             ________,
    710             ________}
    711          
    712          /* 5f */
    713           ,{
    714             ________,
    715             ________,
    716             ________,
    717             ________,
    718             ________,
    719             ________,
    720             ________,
    721             XXXXX___}
    722          
    723          /* 60 */
    724           ,{
    725             X_______,
    726             _X______,
    727             __X_____,
    728             ________,
    729             ________,
    730             ________,
    731             ________,
    732             ________}
    733          
    734          /* a */
    735           ,{
    736             ________,
    737             ________,
    738             _XXX____,
    739             ____X___,
    740             _XXXX___,
    741             X___X___,
    742             _XXXX___,
    743             ________}
    744          
    745          /* b */
    746           ,{
    747             X_______,
    748             X_______,
    749             X_XX____,
    750             XX__X___,
    751             X___X___,
    752             X___X___,
    753             XXXX____,
    754             ________}
    755          
    756          /* c */
    757           ,{
    758             ________,
    759             ________,
    760             _XX_____,
    761             X__X____,
    762             X_______,
    763             X__X____,
    764             _XX_____,
    765             ________}
    766          
    767          /* d */
    768           ,{
    769             ____X___,
    770             ____X___,
    771             _XX_X___,
    772             X__XX___,
    773             X___X___,
    774             X___X___,
    775             _XXXX___,
    776             ________}
    777          
    778          /* e */
    779           ,{
    780             ________,
    781             ________,
    782             _XXX____,
    783             X___X___,
    784             XXXXX___,
    785             X_______,
    786             _XXX____,
    787             ________}
    788          
    789          /* f */
    790           ,{
    791             __X_____,
    792             _X_X____,
    793             _X______,
    794             XXX_____,
    795             _X______,
    796             _X______,
    797             _X______,
    798             ________}
    799          
    800          /* g */
    801           ,{
    802             ________,
    803             ________,
    804             _XXXX___,
    805             X___X___,
    806             X___X___,
    807             _XXXX___,
    808             ____X___,
    809             _XXX____}
    810          
    811          /* h */
    812           ,{
    813             X_______,
    814             X_______,
    815             X_XX____,
    816             XX__X___,
    817             X___X___,
    818             X___X___,
    819             X___X___,
    820             ________}
    821          
    822          /* i */
    823           ,{
    824             X_______,
    825             ________,
    826             X_______,
    827             X_______,
    828             X_______,
    829             X_______,
    830             X_______,
    831             ________}
    832          
    833          /* j */
    834           ,{
    835             __X_____,
    836             ________,
    837             _XX_____,
    838             __X_____,
    839             __X_____,
    840             __X_____,
    841             __X_____,
    842             XX______}
    843          
    844          /* k */
    845           ,{
    846             X_______,
    847             X_______,
    848             X__X____,
    849             X_X_____,
    850             XX______,
    851             X_X_____,
    852             X__X____,
    853             ________}
    854          
    855          /* l */
    856           ,{
    857             XX______,
    858             _X______,
    859             _X______,
    860             _X______,
    861             _X______,
    862             _X______,
    863             XXX_____,
    864             ________}
    865          
    866          /* m */
    867           ,{
    868             ________,
    869             ________,
    870             XX_X____,
    871             X_X_X___,
    872             X___X___,
    873             X___X___,
    874             X___X___,
    875             ________}
    876          
    877          /* n */
    878           ,{
    879             ________,
    880             ________,
    881             X_XX____,
    882             XX_X____,
    883             X__X____,
    884             X__X____,
    885             X__X____,
    886             ________}
    887          
    888          /* o */
    889           ,{
    890             ________,
    891             ________,
    892             _XX_____,
    893             X__X____,
    894             X__X____,
    895             X__X____,
    896             _XX_____,
    897             ________}
    898          
    899          /* p */
    900           ,{
    901             ________,
    902             ________,
    903             XXX_____,
    904             X__X____,
    905             X__X____,
    906             XXX_____,
    907             X_______,
    908             X_______}
    909          
    910          /* q */
    911           ,{
    912             ________,
    913             ________,
    914             _XXX____,
    915             X__X____,
    916             X__X____,
    917             _XXX____,
    918             ___X____,
    919             ___X____}
    920          
    921          /* r */
    922           ,{
    923             ________,
    924             ________,
    925             X_X_____,
    926             XX______,
    927             X_______,
    928             X_______,
    929             X_______,
    930             ________}
    931          
    932          /* s */
    933           ,{
    934             ________,
    935             ________,
    936             _XXX____,
    937             X_______,
    938             _XX_____,
    939             ___X____,
    940             XXX_____,
    941             ________}
    942          
    943          /* t */
    944           ,{
    945             _X______,
    946             _X______,
    947             XXX_____,
    948             _X______,
    949             _X______,
    950             _X______,
    951             _X______,
    952             ________}
    953          
    954          /* u */
    955           ,{
    956             ________,
    957             ________,
    958             X__X____,
    959             X__X____,
    960             X__X____,
    961             X__X____,
    962             _XXX____,
    963             ________}
    964          
    965          /* v */
    966           ,{
    967             ________,
    968             ________,
    969             X___X___,
    970             X___X___,
    971             X___X___,
    972             _X_X____,
    973             __X_____,
    974             ________}
    975          
    976          /* w */
    977           ,{
    978             ________,
    979             ________,
    980             X___X___,
    981             X___X___,
    982             X_X_X___,
    983             X_X_X___,
    984             _X_X____,
    985             ________}
    986          
    987          /* X */
    988           ,{
    989             ________,
    990             ________,
    991             X___X___,
    992             _X_X____,
    993             __X_____,
    994             _X_X____,
    995             X___X___,
    996             ________}
    997          
    998          /* y */
    999           ,{
   1000             ________,
   1001             ________,
   1002             X__X____,
   1003             X__X____,
   1004             X__X____,
   1005             _XXX____,
   1006             ___X____,
   1007             _XX_____}
   1008          
   1009          /* z */
   1010           ,{
   1011             ________,
   1012             ________,
   1013             XXXXX___,
   1014             ___X____,
   1015             __X_____,
   1016             _X______,
   1017             XXXXX___,
   1018             ________}
   1019          
   1020          /* 0x7b */
   1021           ,{
   1022             __X_____,
   1023             _X______,
   1024             _X______,
   1025             X_______,
   1026             _X______,
   1027             _X______,
   1028             __X_____,
   1029             ________}
   1030          
   1031          /* 0x7c */
   1032           ,{
   1033             _X______,
   1034             _X______,
   1035             _X______,
   1036             _X______,
   1037             _X______,
   1038             _X______,
   1039             _X______,
   1040             ________}
   1041          
   1042          /* 0x7d */
   1043           ,{
   1044             X_______,
   1045             _X______,
   1046             _X______,
   1047             __X_____,
   1048             _X______,
   1049             _X______,
   1050             X_______,
   1051             ________}
   1052          
   1053          /* 0x7e */
   1054           ,{
   1055             _XX_X___,
   1056             X__X____,
   1057             ________,
   1058             ________,
   1059             ________,
   1060             ________,
   1061             ________,
   1062             ________}
   1063          };
   1064          
   1065          

   \                                 In  segment XDATA_ROM_C, align 1
   1066          GUI_CONST_STORAGE GUI_CHARINFO GUI_Font8_ASCII_CharInfo[95] = {
   \                     GUI_Font8_ASCII_CharInfo:
   \   000000   03           DB 3
   \   000001   03           DB 3
   \   000002   01           DB 1
   \   000003   ....         DW acFont8ASCII
   \   000005   02           DB 2
   \   000006   02           DB 2
   \   000007   01           DB 1
   \   000008   ....         DW acFont8ASCII + 8H
   \   00000A   04           DB 4
   \   00000B   04           DB 4
   \   00000C   01           DB 1
   \   00000D   ....         DW acFont8ASCII + 10H
   \   00000F   06           DB 6
   \   000010   06           DB 6
   \   000011   01           DB 1
   \   000012   ....         DW acFont8ASCII + 18H
   \   000014   06           DB 6
   \   000015   06           DB 6
   \   000016   01           DB 1
   \   000017   ....         DW acFont8ASCII + 20H
   \   000019   06           DB 6
   \   00001A   06           DB 6
   \   00001B   01           DB 1
   \   00001C   ....         DW acFont8ASCII + 28H
   \   00001E   06           DB 6
   \   00001F   06           DB 6
   \   000020   01           DB 1
   \   000021   ....         DW acFont8ASCII + 30H
   \   000023   03           DB 3
   \   000024   03           DB 3
   \   000025   01           DB 1
   \   000026   ....         DW acFont8ASCII + 38H
   \   000028   04           DB 4
   \   000029   04           DB 4
   \   00002A   01           DB 1
   \   00002B   ....         DW acFont8ASCII + 40H
   \   00002D   04           DB 4
   \   00002E   04           DB 4
   \   00002F   01           DB 1
   \   000030   ....         DW acFont8ASCII + 48H
   \   000032   06           DB 6
   \   000033   06           DB 6
   \   000034   01           DB 1
   \   000035   ....         DW acFont8ASCII + 50H
   \   000037   06           DB 6
   \   000038   06           DB 6
   \   000039   01           DB 1
   \   00003A   ....         DW acFont8ASCII + 58H
   \   00003C   03           DB 3
   \   00003D   03           DB 3
   \   00003E   01           DB 1
   \   00003F   ....         DW acFont8ASCII + 60H
   \   000041   06           DB 6
   \   000042   06           DB 6
   \   000043   01           DB 1
   \   000044   ....         DW acFont8ASCII + 68H
   \   000046   03           DB 3
   \   000047   03           DB 3
   \   000048   01           DB 1
   \   000049   ....         DW acFont8ASCII + 70H
   \   00004B   06           DB 6
   \   00004C   06           DB 6
   \   00004D   01           DB 1
   \   00004E   ....         DW acFont8ASCII + 78H
   \   000050   06           DB 6
   \   000051   06           DB 6
   \   000052   01           DB 1
   \   000053   ....         DW acFont8ASCII + 80H
   \   000055   06           DB 6
   \   000056   06           DB 6
   \   000057   01           DB 1
   \   000058   ....         DW acFont8ASCII + 88H
   \   00005A   06           DB 6
   \   00005B   06           DB 6
   \   00005C   01           DB 1
   \   00005D   ....         DW acFont8ASCII + 90H
   \   00005F   06           DB 6
   \   000060   06           DB 6
   \   000061   01           DB 1
   \   000062   ....         DW acFont8ASCII + 98H
   \   000064   06           DB 6
   \   000065   06           DB 6
   \   000066   01           DB 1
   \   000067   ....         DW acFont8ASCII + 0A0H
   \   000069   06           DB 6
   \   00006A   06           DB 6
   \   00006B   01           DB 1
   \   00006C   ....         DW acFont8ASCII + 0A8H
   \   00006E   06           DB 6
   \   00006F   06           DB 6
   \   000070   01           DB 1
   \   000071   ....         DW acFont8ASCII + 0B0H
   \   000073   06           DB 6
   \   000074   06           DB 6
   \   000075   01           DB 1
   \   000076   ....         DW acFont8ASCII + 0B8H
   \   000078   06           DB 6
   \   000079   06           DB 6
   \   00007A   01           DB 1
   \   00007B   ....         DW acFont8ASCII + 0C0H
   \   00007D   06           DB 6
   \   00007E   06           DB 6
   \   00007F   01           DB 1
   \   000080   ....         DW acFont8ASCII + 0C8H
   \   000082   03           DB 3
   \   000083   03           DB 3
   \   000084   01           DB 1
   \   000085   ....         DW acFont8ASCII + 0D0H
   \   000087   03           DB 3
   \   000088   03           DB 3
   \   000089   01           DB 1
   \   00008A   ....         DW acFont8ASCII + 0D8H
   \   00008C   05           DB 5
   \   00008D   05           DB 5
   \   00008E   01           DB 1
   \   00008F   ....         DW acFont8ASCII + 0E0H
   \   000091   06           DB 6
   \   000092   06           DB 6
   \   000093   01           DB 1
   \   000094   ....         DW acFont8ASCII + 0E8H
   \   000096   05           DB 5
   \   000097   05           DB 5
   \   000098   01           DB 1
   \   000099   ....         DW acFont8ASCII + 0F0H
   \   00009B   06           DB 6
   \   00009C   06           DB 6
   \   00009D   01           DB 1
   \   00009E   ....         DW acFont8ASCII + 0F8H
   \   0000A0   06           DB 6
   \   0000A1   06           DB 6
   \   0000A2   01           DB 1
   \   0000A3   ....         DW acFont8ASCII + 100H
   \   0000A5   06           DB 6
   \   0000A6   06           DB 6
   \   0000A7   01           DB 1
   \   0000A8   ....         DW acFont8ASCII + 108H
   \   0000AA   06           DB 6
   \   0000AB   06           DB 6
   \   0000AC   01           DB 1
   \   0000AD   ....         DW acFont8ASCII + 110H
   \   0000AF   06           DB 6
   \   0000B0   06           DB 6
   \   0000B1   01           DB 1
   \   0000B2   ....         DW acFont8ASCII + 118H
   \   0000B4   06           DB 6
   \   0000B5   06           DB 6
   \   0000B6   01           DB 1
   \   0000B7   ....         DW acFont8ASCII + 120H
   \   0000B9   06           DB 6
   \   0000BA   06           DB 6
   \   0000BB   01           DB 1
   \   0000BC   ....         DW acFont8ASCII + 128H
   \   0000BE   06           DB 6
   \   0000BF   06           DB 6
   \   0000C0   01           DB 1
   \   0000C1   ....         DW acFont8ASCII + 130H
   \   0000C3   06           DB 6
   \   0000C4   06           DB 6
   \   0000C5   01           DB 1
   \   0000C6   ....         DW acFont8ASCII + 138H
   \   0000C8   06           DB 6
   \   0000C9   06           DB 6
   \   0000CA   01           DB 1
   \   0000CB   ....         DW acFont8ASCII + 140H
   \   0000CD   04           DB 4
   \   0000CE   04           DB 4
   \   0000CF   01           DB 1
   \   0000D0   ....         DW acFont8ASCII + 148H
   \   0000D2   06           DB 6
   \   0000D3   06           DB 6
   \   0000D4   01           DB 1
   \   0000D5   ....         DW acFont8ASCII + 150H
   \   0000D7   06           DB 6
   \   0000D8   06           DB 6
   \   0000D9   01           DB 1
   \   0000DA   ....         DW acFont8ASCII + 158H
   \   0000DC   06           DB 6
   \   0000DD   06           DB 6
   \   0000DE   01           DB 1
   \   0000DF   ....         DW acFont8ASCII + 160H
   \   0000E1   06           DB 6
   \   0000E2   06           DB 6
   \   0000E3   01           DB 1
   \   0000E4   ....         DW acFont8ASCII + 168H
   \   0000E6   06           DB 6
   \   0000E7   06           DB 6
   \   0000E8   01           DB 1
   \   0000E9   ....         DW acFont8ASCII + 170H
   \   0000EB   06           DB 6
   \   0000EC   06           DB 6
   \   0000ED   01           DB 1
   \   0000EE   ....         DW acFont8ASCII + 178H
   \   0000F0   06           DB 6
   \   0000F1   06           DB 6
   \   0000F2   01           DB 1
   \   0000F3   ....         DW acFont8ASCII + 180H
   \   0000F5   06           DB 6
   \   0000F6   06           DB 6
   \   0000F7   01           DB 1
   \   0000F8   ....         DW acFont8ASCII + 188H
   \   0000FA   06           DB 6
   \   0000FB   06           DB 6
   \   0000FC   01           DB 1
   \   0000FD   ....         DW acFont8ASCII + 190H
   \   0000FF   06           DB 6
   \   000100   06           DB 6
   \   000101   01           DB 1
   \   000102   ....         DW acFont8ASCII + 198H
   \   000104   06           DB 6
   \   000105   06           DB 6
   \   000106   01           DB 1
   \   000107   ....         DW acFont8ASCII + 1A0H
   \   000109   06           DB 6
   \   00010A   06           DB 6
   \   00010B   01           DB 1
   \   00010C   ....         DW acFont8ASCII + 1A8H
   \   00010E   06           DB 6
   \   00010F   06           DB 6
   \   000110   01           DB 1
   \   000111   ....         DW acFont8ASCII + 1B0H
   \   000113   06           DB 6
   \   000114   06           DB 6
   \   000115   01           DB 1
   \   000116   ....         DW acFont8ASCII + 1B8H
   \   000118   06           DB 6
   \   000119   06           DB 6
   \   00011A   01           DB 1
   \   00011B   ....         DW acFont8ASCII + 1C0H
   \   00011D   06           DB 6
   \   00011E   06           DB 6
   \   00011F   01           DB 1
   \   000120   ....         DW acFont8ASCII + 1C8H
   \   000122   06           DB 6
   \   000123   06           DB 6
   \   000124   01           DB 1
   \   000125   ....         DW acFont8ASCII + 1D0H
   \   000127   04           DB 4
   \   000128   04           DB 4
   \   000129   01           DB 1
   \   00012A   ....         DW acFont8ASCII + 1D8H
   \   00012C   06           DB 6
   \   00012D   06           DB 6
   \   00012E   01           DB 1
   \   00012F   ....         DW acFont8ASCII + 1E0H
   \   000131   04           DB 4
   \   000132   04           DB 4
   \   000133   01           DB 1
   \   000134   ....         DW acFont8ASCII + 1E8H
   \   000136   06           DB 6
   \   000137   06           DB 6
   \   000138   01           DB 1
   \   000139   ....         DW acFont8ASCII + 1F0H
   \   00013B   06           DB 6
   \   00013C   06           DB 6
   \   00013D   01           DB 1
   \   00013E   ....         DW acFont8ASCII + 1F8H
   \   000140   06           DB 6
   \   000141   06           DB 6
   \   000142   01           DB 1
   \   000143   ....         DW acFont8ASCII + 200H
   \   000145   06           DB 6
   \   000146   06           DB 6
   \   000147   01           DB 1
   \   000148   ....         DW acFont8ASCII + 208H
   \   00014A   06           DB 6
   \   00014B   06           DB 6
   \   00014C   01           DB 1
   \   00014D   ....         DW acFont8ASCII + 210H
   \   00014F   05           DB 5
   \   000150   05           DB 5
   \   000151   01           DB 1
   \   000152   ....         DW acFont8ASCII + 218H
   \   000154   06           DB 6
   \   000155   06           DB 6
   \   000156   01           DB 1
   \   000157   ....         DW acFont8ASCII + 220H
   \   000159   06           DB 6
   \   00015A   06           DB 6
   \   00015B   01           DB 1
   \   00015C   ....         DW acFont8ASCII + 228H
   \   00015E   05           DB 5
   \   00015F   05           DB 5
   \   000160   01           DB 1
   \   000161   ....         DW acFont8ASCII + 230H
   \   000163   06           DB 6
   \   000164   06           DB 6
   \   000165   01           DB 1
   \   000166   ....         DW acFont8ASCII + 238H
   \   000168   06           DB 6
   \   000169   06           DB 6
   \   00016A   01           DB 1
   \   00016B   ....         DW acFont8ASCII + 240H
   \   00016D   02           DB 2
   \   00016E   02           DB 2
   \   00016F   01           DB 1
   \   000170   ....         DW acFont8ASCII + 248H
   \   000172   04           DB 4
   \   000173   04           DB 4
   \   000174   01           DB 1
   \   000175   ....         DW acFont8ASCII + 250H
   \   000177   05           DB 5
   \   000178   05           DB 5
   \   000179   01           DB 1
   \   00017A   ....         DW acFont8ASCII + 258H
   \   00017C   04           DB 4
   \   00017D   04           DB 4
   \   00017E   01           DB 1
   \   00017F   ....         DW acFont8ASCII + 260H
   \   000181   06           DB 6
   \   000182   06           DB 6
   \   000183   01           DB 1
   \   000184   ....         DW acFont8ASCII + 268H
   \   000186   05           DB 5
   \   000187   05           DB 5
   \   000188   01           DB 1
   \   000189   ....         DW acFont8ASCII + 270H
   \   00018B   05           DB 5
   \   00018C   05           DB 5
   \   00018D   01           DB 1
   \   00018E   ....         DW acFont8ASCII + 278H
   \   000190   05           DB 5
   \   000191   05           DB 5
   \   000192   01           DB 1
   \   000193   ....         DW acFont8ASCII + 280H
   \   000195   05           DB 5
   \   000196   05           DB 5
   \   000197   01           DB 1
   \   000198   ....         DW acFont8ASCII + 288H
   \   00019A   04           DB 4
   \   00019B   04           DB 4
   \   00019C   01           DB 1
   \   00019D   ....         DW acFont8ASCII + 290H
   \   00019F   05           DB 5
   \   0001A0   05           DB 5
   \   0001A1   01           DB 1
   \   0001A2   ....         DW acFont8ASCII + 298H
   \   0001A4   04           DB 4
   \   0001A5   04           DB 4
   \   0001A6   01           DB 1
   \   0001A7   ....         DW acFont8ASCII + 2A0H
   \   0001A9   05           DB 5
   \   0001AA   05           DB 5
   \   0001AB   01           DB 1
   \   0001AC   ....         DW acFont8ASCII + 2A8H
   \   0001AE   06           DB 6
   \   0001AF   06           DB 6
   \   0001B0   01           DB 1
   \   0001B1   ....         DW acFont8ASCII + 2B0H
   \   0001B3   06           DB 6
   \   0001B4   06           DB 6
   \   0001B5   01           DB 1
   \   0001B6   ....         DW acFont8ASCII + 2B8H
   \   0001B8   06           DB 6
   \   0001B9   06           DB 6
   \   0001BA   01           DB 1
   \   0001BB   ....         DW acFont8ASCII + 2C0H
   \   0001BD   05           DB 5
   \   0001BE   05           DB 5
   \   0001BF   01           DB 1
   \   0001C0   ....         DW acFont8ASCII + 2C8H
   \   0001C2   06           DB 6
   \   0001C3   06           DB 6
   \   0001C4   01           DB 1
   \   0001C5   ....         DW acFont8ASCII + 2D0H
   \   0001C7   04           DB 4
   \   0001C8   04           DB 4
   \   0001C9   01           DB 1
   \   0001CA   ....         DW acFont8ASCII + 2D8H
   \   0001CC   03           DB 3
   \   0001CD   03           DB 3
   \   0001CE   01           DB 1
   \   0001CF   ....         DW acFont8ASCII + 2E0H
   \   0001D1   04           DB 4
   \   0001D2   04           DB 4
   \   0001D3   01           DB 1
   \   0001D4   ....         DW acFont8ASCII + 2E8H
   \   0001D6   06           DB 6
   \   0001D7   06           DB 6
   \   0001D8   01           DB 1
   \   0001D9   ....         DW acFont8ASCII + 2F0H
   1067             { 3,3,1, acFont8ASCII[0]}  /* char.code 32: ' ' */
   1068            ,{ 2,2,1, acFont8ASCII[1]}  /* char.code 33: '!' */
   1069            ,{ 4,4,1, acFont8ASCII[2]}  /* char.code 34: '"' */
   1070            ,{ 6,6,1, acFont8ASCII[3]}  /* char.code 35: '#' */
   1071            ,{ 6,6,1, acFont8ASCII[4]}  /* char.code 36: '$' */
   1072            ,{ 6,6,1, acFont8ASCII[5]}  /* char.code 37: '%' */
   1073            ,{ 6,6,1, acFont8ASCII[6]}  /* char.code 38: '&' */
   1074            ,{ 3,3,1, acFont8ASCII[7]}  /* char.code 39: ''' */
   1075            ,{ 4,4,1, acFont8ASCII[8]}  /* char.code 40: '(' */
   1076            ,{ 4,4,1, acFont8ASCII[9]}  /* char.code 41: ')' */
   1077            ,{ 6,6,1, acFont8ASCII[10]} /* char.code 42: '*' */
   1078            ,{ 6,6,1, acFont8ASCII[11]} /* char.code 43: '+' */
   1079            ,{ 3,3,1, acFont8ASCII[12]} /* char.code 44: ',' */
   1080            ,{ 6,6,1, acFont8ASCII[13]} /* char.code 45: '-' */
   1081            ,{ 3,3,1, acFont8ASCII[14]} /* char.code 46: '.' point */
   1082            ,{ 6,6,1, acFont8ASCII[15]} /* char.code 47: '/' */
   1083            ,{ 6,6,1, acFont8ASCII[16]} /* char.code 48: '0' */
   1084            ,{ 6,6,1, acFont8ASCII[17]} /* char.code 49: '1' */
   1085            ,{ 6,6,1, acFont8ASCII[18]} /* char.code 50: '2' */
   1086            ,{ 6,6,1, acFont8ASCII[19]} /* char.code 51: '3' */
   1087            ,{ 6,6,1, acFont8ASCII[20]} /* char.code 52: '4' */
   1088            ,{ 6,6,1, acFont8ASCII[21]} /* char.code 53: '5' */
   1089            ,{ 6,6,1, acFont8ASCII[22]} /* char.code 54: '6' */
   1090            ,{ 6,6,1, acFont8ASCII[23]} /* char.code 55: '7' */
   1091            ,{ 6,6,1, acFont8ASCII[24]} /* char.code 56: '8' */
   1092            ,{ 6,6,1, acFont8ASCII[25]} /* char.code 57: '9' */
   1093            ,{ 3,3,1, acFont8ASCII[26]} /* char.code 58: ':' */
   1094            ,{ 3,3,1, acFont8ASCII[27]} /* char.code 59: ';' */
   1095            ,{ 5,5,1, acFont8ASCII[28]} /* char.code 60: '<' */
   1096            ,{ 6,6,1, acFont8ASCII[29]} /* char.code 61: '=' */
   1097            ,{ 5,5,1, acFont8ASCII[30]} /* char.code 62: '>' */
   1098            ,{ 6,6,1, acFont8ASCII[31]} /* char.code 63: '?' */
   1099            ,{ 6,6,1, acFont8ASCII[32]} /* char.code 64: '@' */
   1100            ,{ 6,6,1, acFont8ASCII[33]} /* char.code 65: 'A' */
   1101            ,{ 6,6,1, acFont8ASCII[34]} /* char.code 66: 'B' */
   1102            ,{ 6,6,1, acFont8ASCII[35]} /* char.code 67: 'C' */
   1103            ,{ 6,6,1, acFont8ASCII[36]} /* char.code 68: 'D' */
   1104            ,{ 6,6,1, acFont8ASCII[37]} /* char.code 69: 'E' */
   1105            ,{ 6,6,1, acFont8ASCII[38]} /* char.code 70: 'F' */
   1106            ,{ 6,6,1, acFont8ASCII[39]} /* char.code 71: 'G' */
   1107            ,{ 6,6,1, acFont8ASCII[40]} /* char.code 72: 'H' */
   1108            ,{ 4,4,1, acFont8ASCII[41]} /* char.code 73: 'I' */
   1109            ,{ 6,6,1, acFont8ASCII[42]} /* char.code 74: 'J' */
   1110            ,{ 6,6,1, acFont8ASCII[43]} /* char.code 75: 'K' */
   1111            ,{ 6,6,1, acFont8ASCII[44]} /* char.code 76: 'L' */
   1112            ,{ 6,6,1, acFont8ASCII[45]} /* char.code 77: 'M' */
   1113            ,{ 6,6,1, acFont8ASCII[46]} /* char.code 78: 'N' */
   1114            ,{ 6,6,1, acFont8ASCII[47]} /* char.code 79: 'O' */
   1115            ,{ 6,6,1, acFont8ASCII[48]} /* char.code 80: 'P' */
   1116            ,{ 6,6,1, acFont8ASCII[49]} /* char.code 81: 'Q' */
   1117            ,{ 6,6,1, acFont8ASCII[50]} /* char.code 82: 'R' */
   1118            ,{ 6,6,1, acFont8ASCII[51]} /* char.code 83: 'S' */
   1119            ,{ 6,6,1, acFont8ASCII[52]} /* char.code 84: 'T' */
   1120            ,{ 6,6,1, acFont8ASCII[53]} /* char.code 85: 'U' */
   1121            ,{ 6,6,1, acFont8ASCII[54]} /* char.code 86: 'V' */
   1122            ,{ 6,6,1, acFont8ASCII[55]} /* char.code 87: 'W' */
   1123            ,{ 6,6,1, acFont8ASCII[56]} /* char.code 88: 'X' */
   1124            ,{ 6,6,1, acFont8ASCII[57]} /* char.code 89: 'Y' */
   1125            ,{ 6,6,1, acFont8ASCII[58]} /* char.code 90: 'Z' */
   1126            ,{ 4,4,1, acFont8ASCII[59]} /* char.code 91: '[' */
   1127            ,{ 6,6,1, acFont8ASCII[60]} /* char.code 92: '\' */
   1128            ,{ 4,4,1, acFont8ASCII[61]} /* char.code 93: ']' */
   1129            ,{ 6,6,1, acFont8ASCII[62]} /* char.code 94: '^' */
   1130            ,{ 6,6,1, acFont8ASCII[63]} /* char.code 95: '_' */
   1131            ,{ 6,6,1, acFont8ASCII[64]} /* char.code 96: '`' */
   1132            ,{ 6,6,1, acFont8ASCII[65]} /* char.code 97: 'a' */
   1133            ,{ 6,6,1, acFont8ASCII[66]} /* char.code 98: 'b' */
   1134            ,{ 5,5,1, acFont8ASCII[67]} /* char.code 99: 'c' */
   1135            ,{ 6,6,1, acFont8ASCII[68]} /* char.code 100: 'd' */
   1136            ,{ 6,6,1, acFont8ASCII[69]} /* char.code 101: 'e' */
   1137            ,{ 5,5,1, acFont8ASCII[70]} /* char.code 102: 'f' */
   1138            ,{ 6,6,1, acFont8ASCII[71]} /* char.code 103: 'g' */
   1139            ,{ 6,6,1, acFont8ASCII[72]} /* char.code 104: 'h' */
   1140            ,{ 2,2,1, acFont8ASCII[73]} /* char.code 105: 'i' */
   1141            ,{ 4,4,1, acFont8ASCII[74]} /* char.code 106: 'j' */
   1142            ,{ 5,5,1, acFont8ASCII[75]} /* char.code 107: 'k' */
   1143            ,{ 4,4,1, acFont8ASCII[76]} /* char.code 108: 'l' */
   1144            ,{ 6,6,1, acFont8ASCII[77]} /* char.code 109: 'm' */
   1145            ,{ 5,5,1, acFont8ASCII[78]} /* char.code 110: 'n' */
   1146            ,{ 5,5,1, acFont8ASCII[79]} /* char.code 111: 'o' */
   1147            ,{ 5,5,1, acFont8ASCII[80]} /* char.code 112: 'p' */
   1148            ,{ 5,5,1, acFont8ASCII[81]} /* char.code 113: 'q' */
   1149            ,{ 4,4,1, acFont8ASCII[82]} /* char.code 114: 'r' */
   1150            ,{ 5,5,1, acFont8ASCII[83]} /* char.code 115: 's' */
   1151            ,{ 4,4,1, acFont8ASCII[84]} /* char.code 116: 't' */
   1152            ,{ 5,5,1, acFont8ASCII[85]} /* char.code 117: 'u' */
   1153            ,{ 6,6,1, acFont8ASCII[86]} /* char.code 118: 'v' */
   1154            ,{ 6,6,1, acFont8ASCII[87]} /* char.code 119: 'w' */
   1155            ,{ 6,6,1, acFont8ASCII[88]} /* char.code 120: 'x' */
   1156            ,{ 5,5,1, acFont8ASCII[89]} /* char.code 121: 'y' */
   1157            ,{ 6,6,1, acFont8ASCII[90]} /* char.code 122: 'z' */
   1158            ,{ 4,4,1, acFont8ASCII[91]} /* char.code 123: '{' */
   1159            ,{ 3,3,1, acFont8ASCII[92]} /* char.code 124: '|' */
   1160            ,{ 4,4,1, acFont8ASCII[93]} /* char.code 125: '}' */
   1161            ,{ 6,6,1, acFont8ASCII[94]} /* char.code 126: '~' */
   1162          };
   1163          
   1164          

   \                                 In  segment XDATA_ROM_C, align 1
   1165          GUI_CONST_STORAGE GUI_FONT_PROP GUI_Font8ASCII_Prop = {
   \                     GUI_Font8ASCII_Prop:
   \   000000   2000         DW 32
   \   000002   7E00         DW 126
   \   000004   ....         DW GUI_Font8_ASCII_CharInfo
   \   000006   0000         DW 0H
   1166             32                           /* first character               */
   1167            ,126                          /* last character                */
   1168            ,&GUI_Font8_ASCII_CharInfo[0] /* address of first character    */
   1169            ,(const GUI_FONT_PROP*)0      /* pointer to next GUI_FONTRANGE */
   1170          };
   1171          

   \                                 In  segment XDATA_ROM_C, align 1
   1172          GUI_CONST_STORAGE GUI_FONT GUI_Font8_ASCII = {
   \                     GUI_Font8_ASCII:
   \   000000   ....         DW ??GUIPROP_DispChar?relay
   \   000002   ....         DW ??GUIPROP_GetCharDistX?relay
   \   000004   ....         DW ??GUIPROP_GetFontInfo?relay
   \   000006   ....         DW ??GUIPROP_IsInFont?relay
   \   000008   0000         DW 0H
   \   00000A   08           DB 8
   \   00000B   08           DB 8
   \   00000C   01           DB 1
   \   00000D   01           DB 1
   \   00000E   ....         DW GUI_Font8ASCII_Prop
   \   000010   07           DB 7
   \   000011   05           DB 5
   \   000012   07           DB 7
   1173             GUI_FONTTYPE_PROP     /* type of font    */
   1174            ,8                     /* height of font  */
   1175            ,8                     /* space of font y */
   1176            ,1                     /* magnification x */
   1177            ,1                     /* magnification y */
   1178            ,{&GUI_Font8ASCII_Prop}
   1179            , 7, 5, 7
   1180          };
   1181          
   1182          /*************************** End of file ****************************/


   Segment part sizes:

     Function/Label           Bytes
     --------------           -----
     acFont8ASCII              760
     GUI_Font8_ASCII_CharInfo  475
     GUI_Font8ASCII_Prop         8
     GUI_Font8_ASCII            19

 
 1 262 bytes in segment XDATA_ROM_C
 
 1 262 bytes of CONST memory

Errors: none
Warnings: none
