###############################################################################
#                                                                             #
# IAR C/C++ Compiler V8.10.1.10194/W32 for 8051         14/Jun/2016  16:18:06 #
# Copyright 2004-2011 IAR Systems AB.                                         #
#                                                                             #
#    Core               =  plain                                              #
#    Code model         =  banked                                             #
#    Data model         =  large                                              #
#    Calling convention =  xdata reentrant                                    #
#    Constant location  =  data_rom                                           #
#    Dptr setup         =  1,16                                               #
#    Source file        =  F:\¹âÅÌ×ÊÁÏ\ETC-WSNÎïÁªÍø¹âÅÌ×ÊÁÏ210\ZigBeeÍøÂç\WS #
#                          N-CSÔ´Âë\ZStack-CC2530-2.5.1a\Components\uCGUI\Cor #
#                          e\GUI_GetBitmapPixelIndex.c                        #
#    Command line       =  -f F:\¹âÅÌ×ÊÁÏ\ETC-WSNÎïÁªÍø¹âÅÌ×ÊÁÏ210\ZigBeeÍøÂç #
#                          \WSN-CSÔ´Âë\ZStack-CC2530-2.5.1a\Projects\zstack\U #
#                          tilities\SerialApp\CC2530DB\..\..\..\Tools\CC2530D #
#                          B\f8wCoord.cfg (-DCPU32MHZ -DROOT=__near_func      #
#                          -DMAC_CFG_APP_PENDING_QUEUE=TRUE                   #
#                          -DMAC_CFG_TX_DATA_MAX=5 -DMAC_CFG_TX_MAX=8         #
#                          -DMAC_CFG_RX_MAX=5 -DZDO_COORDINATOR -DRTR_NWK)    #
#                          -f F:\¹âÅÌ×ÊÁÏ\ETC-WSNÎïÁªÍø¹âÅÌ×ÊÁÏ210\ZigBeeÍøÂç #
#                          \WSN-CSÔ´Âë\ZStack-CC2530-2.5.1a\Projects\zstack\U #
#                          tilities\SerialApp\CC2530DB\..\..\..\Tools\CC2530D #
#                          B\f8wConfig.cfg (-DZIGBEEPRO -DSECURE=0            #
#                          -DZG_SECURE_DYNAMIC=0 -DREFLECTOR                  #
#                          -DDEFAULT_CHANLIST=0x00000800                      #
#                          -DZDAPP_CONFIG_PAN_ID=0x1001                       #
#                          -DNWK_START_DELAY=100 -DEXTENDED_JOINING_RANDOM_MA #
#                          SK=0x007F -DBEACON_REQUEST_DELAY=100               #
#                          -DBEACON_REQ_DELAY_MASK=0x00FF                     #
#                          -DLINK_STATUS_JITTER_MASK=0x007F                   #
#                          -DROUTE_EXPIRY_TIME=30 -DAPSC_ACK_WAIT_DURATION_PO #
#                          LLED=3000 -DNWK_INDIRECT_MSG_TIMEOUT=7             #
#                          -DMAX_RREQ_ENTRIES=8 -DAPSC_MAX_FRAME_RETRIES=3    #
#                          -DNWK_MAX_DATA_RETRIES=2                           #
#                          -DMAX_POLL_FAILURE_RETRIES=2 -DMAX_BCAST=9         #
#                          -DAPS_MAX_GROUPS=16 -DMAX_RTG_ENTRIES=40           #
#                          -DNWK_MAX_BINDING_ENTRIES=4                        #
#                          -DMAX_BINDING_CLUSTER_IDS=4 "-DDEFAULT_KEY={0x01,  #
#                          0x03, 0x05, 0x07, 0x09, 0x0B, 0x0D, 0x0F, 0x00,    #
#                          0x02, 0x04, 0x06, 0x08, 0x0A, 0x0C, 0x0D}"         #
#                          -DMAC_MAX_FRAME_SIZE=116                           #
#                          -DZDNWKMGR_MIN_TRANSMISSIONS=20 "-DCONST=const     #
#                          __code" -DGENERIC=__generic                        #
#                          -DRFD_RCVC_ALWAYS_ON=FALSE -DPOLL_RATE=1000        #
#                          -DQUEUED_POLL_RATE=100 -DRESPONSE_POLL_RATE=100)   #
#                          -DREJOIN_POLL_RATE=440 F:\¹âÅÌ×ÊÁÏ\ETC-WSNÎïÁªÍø¹â #
#                          ÅÌ×ÊÁÏ210\ZigBeeÍøÂç\WSN-CSÔ´Âë\ZStack-CC2530-2.5. #
#                          1a\Components\uCGUI\Core\GUI_GetBitmapPixelIndex.c #
#                           -D HAL_UART=TRUE -D SERIAL_APP_PORT=0 -D COOR -D  #
#                          LCD_SUPPORTED -D NV_INIT -lC                       #
#                          F:\¹âÅÌ×ÊÁÏ\ETC-WSNÎïÁªÍø¹âÅÌ×ÊÁÏ210\ZigBeeÍøÂç\WS #
#                          N-CSÔ´Âë\ZStack-CC2530-2.5.1a\Projects\zstack\Util #
#                          ities\SerialApp\CC2530DB\CoordinatorEB\List\ -lA   #
#                          F:\¹âÅÌ×ÊÁÏ\ETC-WSNÎïÁªÍø¹âÅÌ×ÊÁÏ210\ZigBeeÍøÂç\WS #
#                          N-CSÔ´Âë\ZStack-CC2530-2.5.1a\Projects\zstack\Util #
#                          ities\SerialApp\CC2530DB\CoordinatorEB\List\       #
#                          --diag_suppress Pe001,Pa010 -o                     #
#                          F:\¹âÅÌ×ÊÁÏ\ETC-WSNÎïÁªÍø¹âÅÌ×ÊÁÏ210\ZigBeeÍøÂç\WS #
#                          N-CSÔ´Âë\ZStack-CC2530-2.5.1a\Projects\zstack\Util #
#                          ities\SerialApp\CC2530DB\CoordinatorEB\Obj\ -e     #
#                          --no_code_motion --debug --core=plain --dptr=16,1  #
#                          --data_model=large --code_model=banked             #
#                          --calling_convention=xdata_reentrant               #
#                          --place_constants=data_rom --nr_virtual_regs 16    #
#                          -I F:\¹âÅÌ×ÊÁÏ\ETC-WSNÎïÁªÍø¹âÅÌ×ÊÁÏ210\ZigBeeÍøÂç #
#                          \WSN-CSÔ´Âë\ZStack-CC2530-2.5.1a\Projects\zstack\U #
#                          tilities\SerialApp\CC2530DB\ -I                    #
#                          F:\¹âÅÌ×ÊÁÏ\ETC-WSNÎïÁªÍø¹âÅÌ×ÊÁÏ210\ZigBeeÍøÂç\WS #
#                          N-CSÔ´Âë\ZStack-CC2530-2.5.1a\Projects\zstack\Util #
#                          ities\SerialApp\CC2530DB\..\Public\ -I             #
#                          F:\¹âÅÌ×ÊÁÏ\ETC-WSNÎïÁªÍø¹âÅÌ×ÊÁÏ210\ZigBeeÍøÂç\WS #
#                          N-CSÔ´Âë\ZStack-CC2530-2.5.1a\Projects\zstack\Util #
#                          ities\SerialApp\CC2530DB\..\..\..\..\..\Components #
#                          \uCGUI\Core\ -I F:\¹âÅÌ×ÊÁÏ\ETC-WSNÎïÁªÍø¹âÅÌ×ÊÁÏ2 #
#                          10\ZigBeeÍøÂç\WSN-CSÔ´Âë\ZStack-CC2530-2.5.1a\Proj #
#                          ects\zstack\Utilities\SerialApp\CC2530DB\..\..\..\ #
#                          ..\..\Components\uCGUI\MultiLayer\ -I              #
#                          F:\¹âÅÌ×ÊÁÏ\ETC-WSNÎïÁªÍø¹âÅÌ×ÊÁÏ210\ZigBeeÍøÂç\WS #
#                          N-CSÔ´Âë\ZStack-CC2530-2.5.1a\Projects\zstack\Util #
#                          ities\SerialApp\CC2530DB\..\..\..\..\..\Components #
#                          \uCGUI\Config\ -I F:\¹âÅÌ×ÊÁÏ\ETC-WSNÎïÁªÍø¹âÅÌ×ÊÁ #
#                          Ï210\ZigBeeÍøÂç\WSN-CSÔ´Âë\ZStack-CC2530-2.5.1a\Pr #
#                          ojects\zstack\Utilities\SerialApp\CC2530DB\..\Coor #
#                          dinator\ -I F:\¹âÅÌ×ÊÁÏ\ETC-WSNÎïÁªÍø¹âÅÌ×ÊÁÏ210\Z #
#                          igBeeÍøÂç\WSN-CSÔ´Âë\ZStack-CC2530-2.5.1a\Projects #
#                          \zstack\Utilities\SerialApp\CC2530DB\..\..\..\ZMai #
#                          n\TI2530DB\ -I F:\¹âÅÌ×ÊÁÏ\ETC-WSNÎïÁªÍø¹âÅÌ×ÊÁÏ21 #
#                          0\ZigBeeÍøÂç\WSN-CSÔ´Âë\ZStack-CC2530-2.5.1a\Proje #
#                          cts\zstack\Utilities\SerialApp\CC2530DB\..\..\..\. #
#                          .\..\Components\hal\include\ -I                    #
#                          F:\¹âÅÌ×ÊÁÏ\ETC-WSNÎïÁªÍø¹âÅÌ×ÊÁÏ210\ZigBeeÍøÂç\WS #
#                          N-CSÔ´Âë\ZStack-CC2530-2.5.1a\Projects\zstack\Util #
#                          ities\SerialApp\CC2530DB\..\..\..\..\..\Components #
#                          \hal\target\CC2530EB\ -I                           #
#                          F:\¹âÅÌ×ÊÁÏ\ETC-WSNÎïÁªÍø¹âÅÌ×ÊÁÏ210\ZigBeeÍøÂç\WS #
#                          N-CSÔ´Âë\ZStack-CC2530-2.5.1a\Projects\zstack\Util #
#                          ities\SerialApp\CC2530DB\..\..\..\..\..\Components #
#                          \mac\include\ -I F:\¹âÅÌ×ÊÁÏ\ETC-WSNÎïÁªÍø¹âÅÌ×ÊÁÏ #
#                          210\ZigBeeÍøÂç\WSN-CSÔ´Âë\ZStack-CC2530-2.5.1a\Pro #
#                          jects\zstack\Utilities\SerialApp\CC2530DB\..\..\.. #
#                          \..\..\Components\mac\high_level\ -I               #
#                          F:\¹âÅÌ×ÊÁÏ\ETC-WSNÎïÁªÍø¹âÅÌ×ÊÁÏ210\ZigBeeÍøÂç\WS #
#                          N-CSÔ´Âë\ZStack-CC2530-2.5.1a\Projects\zstack\Util #
#                          ities\SerialApp\CC2530DB\..\..\..\..\..\Components #
#                          \mac\low_level\srf04\ -I                           #
#                          F:\¹âÅÌ×ÊÁÏ\ETC-WSNÎïÁªÍø¹âÅÌ×ÊÁÏ210\ZigBeeÍøÂç\WS #
#                          N-CSÔ´Âë\ZStack-CC2530-2.5.1a\Projects\zstack\Util #
#                          ities\SerialApp\CC2530DB\..\..\..\..\..\Components #
#                          \mac\low_level\srf04\single_chip\ -I               #
#                          F:\¹âÅÌ×ÊÁÏ\ETC-WSNÎïÁªÍø¹âÅÌ×ÊÁÏ210\ZigBeeÍøÂç\WS #
#                          N-CSÔ´Âë\ZStack-CC2530-2.5.1a\Projects\zstack\Util #
#                          ities\SerialApp\CC2530DB\..\..\..\..\..\Components #
#                          \mt\ -I F:\¹âÅÌ×ÊÁÏ\ETC-WSNÎïÁªÍø¹âÅÌ×ÊÁÏ210\ZigBe #
#                          eÍøÂç\WSN-CSÔ´Âë\ZStack-CC2530-2.5.1a\Projects\zst #
#                          ack\Utilities\SerialApp\CC2530DB\..\..\..\..\..\Co #
#                          mponents\osal\include\ -I                          #
#                          F:\¹âÅÌ×ÊÁÏ\ETC-WSNÎïÁªÍø¹âÅÌ×ÊÁÏ210\ZigBeeÍøÂç\WS #
#                          N-CSÔ´Âë\ZStack-CC2530-2.5.1a\Projects\zstack\Util #
#                          ities\SerialApp\CC2530DB\..\..\..\..\..\Components #
#                          \services\saddr\ -I F:\¹âÅÌ×ÊÁÏ\ETC-WSNÎïÁªÍø¹âÅÌ× #
#                          ÊÁÏ210\ZigBeeÍøÂç\WSN-CSÔ´Âë\ZStack-CC2530-2.5.1a\ #
#                          Projects\zstack\Utilities\SerialApp\CC2530DB\..\.. #
#                          \..\..\..\Components\services\sdata\ -I            #
#                          F:\¹âÅÌ×ÊÁÏ\ETC-WSNÎïÁªÍø¹âÅÌ×ÊÁÏ210\ZigBeeÍøÂç\WS #
#                          N-CSÔ´Âë\ZStack-CC2530-2.5.1a\Projects\zstack\Util #
#                          ities\SerialApp\CC2530DB\..\..\..\..\..\Components #
#                          \stack\af\ -I F:\¹âÅÌ×ÊÁÏ\ETC-WSNÎïÁªÍø¹âÅÌ×ÊÁÏ210 #
#                          \ZigBeeÍøÂç\WSN-CSÔ´Âë\ZStack-CC2530-2.5.1a\Projec #
#                          ts\zstack\Utilities\SerialApp\CC2530DB\..\..\..\.. #
#                          \..\Components\stack\nwk\ -I                       #
#                          F:\¹âÅÌ×ÊÁÏ\ETC-WSNÎïÁªÍø¹âÅÌ×ÊÁÏ210\ZigBeeÍøÂç\WS #
#                          N-CSÔ´Âë\ZStack-CC2530-2.5.1a\Projects\zstack\Util #
#                          ities\SerialApp\CC2530DB\..\..\..\..\..\Components #
#                          \stack\sapi\ -I F:\¹âÅÌ×ÊÁÏ\ETC-WSNÎïÁªÍø¹âÅÌ×ÊÁÏ2 #
#                          10\ZigBeeÍøÂç\WSN-CSÔ´Âë\ZStack-CC2530-2.5.1a\Proj #
#                          ects\zstack\Utilities\SerialApp\CC2530DB\..\..\..\ #
#                          ..\..\Components\stack\sec\ -I                     #
#                          F:\¹âÅÌ×ÊÁÏ\ETC-WSNÎïÁªÍø¹âÅÌ×ÊÁÏ210\ZigBeeÍøÂç\WS #
#                          N-CSÔ´Âë\ZStack-CC2530-2.5.1a\Projects\zstack\Util #
#                          ities\SerialApp\CC2530DB\..\..\..\..\..\Components #
#                          \stack\sys\ -I F:\¹âÅÌ×ÊÁÏ\ETC-WSNÎïÁªÍø¹âÅÌ×ÊÁÏ21 #
#                          0\ZigBeeÍøÂç\WSN-CSÔ´Âë\ZStack-CC2530-2.5.1a\Proje #
#                          cts\zstack\Utilities\SerialApp\CC2530DB\..\..\..\. #
#                          .\..\Components\stack\zdo\ -I                      #
#                          F:\¹âÅÌ×ÊÁÏ\ETC-WSNÎïÁªÍø¹âÅÌ×ÊÁÏ210\ZigBeeÍøÂç\WS #
#                          N-CSÔ´Âë\ZStack-CC2530-2.5.1a\Projects\zstack\Util #
#                          ities\SerialApp\CC2530DB\..\..\..\..\..\Components #
#                          \zmac\ -I F:\¹âÅÌ×ÊÁÏ\ETC-WSNÎïÁªÍø¹âÅÌ×ÊÁÏ210\Zig #
#                          BeeÍøÂç\WSN-CSÔ´Âë\ZStack-CC2530-2.5.1a\Projects\z #
#                          stack\Utilities\SerialApp\CC2530DB\..\..\..\..\..\ #
#                          Components\zmac\f8w\ -Ohz --require_prototypes     #
#    List file          =  F:\¹âÅÌ×ÊÁÏ\ETC-WSNÎïÁªÍø¹âÅÌ×ÊÁÏ210\ZigBeeÍøÂç\WS #
#                          N-CSÔ´Âë\ZStack-CC2530-2.5.1a\Projects\zstack\Util #
#                          ities\SerialApp\CC2530DB\CoordinatorEB\List\GUI_Ge #
#                          tBitmapPixelIndex.lst                              #
#    Object file        =  F:\¹âÅÌ×ÊÁÏ\ETC-WSNÎïÁªÍø¹âÅÌ×ÊÁÏ210\ZigBeeÍøÂç\WS #
#                          N-CSÔ´Âë\ZStack-CC2530-2.5.1a\Projects\zstack\Util #
#                          ities\SerialApp\CC2530DB\CoordinatorEB\Obj\GUI_Get #
#                          BitmapPixelIndex.r51                               #
#                                                                             #
#                                                                             #
###############################################################################

F:\¹âÅÌ×ÊÁÏ\ETC-WSNÎïÁªÍø¹âÅÌ×ÊÁÏ210\ZigBeeÍøÂç\WSN-CSÔ´Âë\ZStack-CC2530-2.5.1a\Components\uCGUI\Core\GUI_GetBitmapPixelIndex.c
      1          /*
      2          *********************************************************************************************************
      3          *                                                uC/GUI
      4          *                        Universal graphic software for embedded applications
      5          *
      6          *                       (c) Copyright 2002, Micrium Inc., Weston, FL
      7          *                       (c) Copyright 2002, SEGGER Microcontroller Systeme GmbH
      8          *
      9          *              µC/GUI is protected by international copyright laws. Knowledge of the
     10          *              source code may not be used to write a similar product. This file may
     11          *              only be used in accordance with a license and should not be redistributed
     12          *              in any way. We appreciate your understanding and fairness.
     13          *
     14          ----------------------------------------------------------------------
     15          File        : GUI_GetBitmapPixelIndex.c
     16          Purpose     : Implementation of GUI_GetBitmapPixelIndex
     17          ---------------------------END-OF-HEADER------------------------------
     18          */
     19          
     20          #include "GUI_Private.h"
     21          
     22          /*********************************************************************
     23          *
     24          *       Public code
     25          *
     26          **********************************************************************
     27          */
     28          /*********************************************************************
     29          *
     30          *       GUI_GetBitmapPixelIndex
     31          */

   \                                 In  segment BANKED_CODE, align 1, keep-with-next
     32          int GUI_GetBitmapPixelIndex(const GUI_BITMAP GUI_UNI_PTR * pBMP, unsigned x, unsigned y) {
   \                     GUI_GetBitmapPixelIndex:
   \   000000   74F4         MOV     A,#-0xc
   \   000002   12....       LCALL   ?BANKED_ENTER_XDATA
   \   000005                ; Saved register size: 12
   \   000005                ; Auto size: 0
   \   000005   EA           MOV     A,R2
   \   000006   FE           MOV     R6,A
   \   000007   EB           MOV     A,R3
   \   000008   FF           MOV     R7,A
   \   000009   740C         MOV     A,#0xc
   \   00000B   12....       LCALL   ?XSTACK_DISP0_8
   \   00000E   E0           MOVX    A,@DPTR
   \   00000F   FA           MOV     R2,A
   \   000010   A3           INC     DPTR
   \   000011   E0           MOVX    A,@DPTR
   \   000012   FB           MOV     R3,A
     33            unsigned Off, Value;
     34            switch (pBMP->BitsPerPixel) {
   \   000013   8E82         MOV     DPL,R6
   \   000015   8F83         MOV     DPH,R7
   \   000017   A3           INC     DPTR
   \   000018   A3           INC     DPTR
   \   000019   A3           INC     DPTR
   \   00001A   A3           INC     DPTR
   \   00001B   A3           INC     DPTR
   \   00001C   A3           INC     DPTR
   \   00001D   E0           MOVX    A,@DPTR
   \   00001E   F5..         MOV     ?V0 + 0,A
   \   000020   A3           INC     DPTR
   \   000021   E0           MOVX    A,@DPTR
   \   000022   F5..         MOV     ?V0 + 1,A
   \   000024   78..         MOV     R0,#?V0 + 0
   \   000026   12....       LCALL   ?US_SWITCH_SPARSE
   \                     `?<Jumptable for GUI_GetBitmapPixelIndex>_0`:
   \   000029   0000         DW        0
   \   00002B   0500         DW        5
   \   00002D   0100         DW        1
   \   00002F   ....         DW        ??GUI_GetBitmapPixelIndex_0
   \   000031   0200         DW        2
   \   000033   ....         DW        ??GUI_GetBitmapPixelIndex_1
   \   000035   0400         DW        4
   \   000037   ....         DW        ??GUI_GetBitmapPixelIndex_2
   \   000039   0800         DW        8
   \   00003B   ....         DW        ??GUI_GetBitmapPixelIndex_3
   \   00003D   1000         DW        16
   \   00003F   ....         DW        ??GUI_GetBitmapPixelIndex_4
   \   000041   ....         DW        ??GUI_GetBitmapPixelIndex_5
     35            case 1:
     36              Off = (x >> 3) + (y * pBMP->BytesPerLine);
     37              Value = *(pBMP->pData + Off);
     38              Value = Value >> (7 - (x & 0x7)) & 0x1;
   \                     ??GUI_GetBitmapPixelIndex_0:
   \   000043   8C..         MOV     ?V0 + 0,R4
   \   000045   8D..         MOV     ?V0 + 1,R5
   \   000047   7403         MOV     A,#0x3
   \   000049   78..         MOV     R0,#?V0 + 0
   \   00004B   12....       LCALL   ?US_SHR
   \   00004E   12....       LCALL   ?Subroutine0 & 0xFFFF
   \                     ??CrossCallReturnLabel_0:
   \   000051   5407         ANL     A,#0x7
   \   000053   F8           MOV     R0,A
   \   000054   7407         MOV     A,#0x7
   \   000056   C3           CLR     C
   \   000057   98           SUBB    A,R0
   \   000058   78..         MOV     R0,#?V0 + 0
   \   00005A   12....       LCALL   ?US_SHR
   \   00005D   E5..         MOV     A,?V0 + 0
   \   00005F   5401         ANL     A,#0x1
   \                     ??GUI_GetBitmapPixelIndex_6:
   \   000061   FA           MOV     R2,A
   \   000062   02....       LJMP    ??GUI_GetBitmapPixelIndex_7 & 0xFFFF
     39              break;
     40            case 2:
     41              Off = (x >> 2) + (y * pBMP->BytesPerLine);
     42              Value = *(pBMP->pData + Off);
     43              Value = Value >> (6 - ((x << 1) & 0x6)) & 0x3;
   \                     ??GUI_GetBitmapPixelIndex_1:
   \   000065   8C..         MOV     ?V0 + 0,R4
   \   000067   8D..         MOV     ?V0 + 1,R5
   \   000069   7402         MOV     A,#0x2
   \   00006B   78..         MOV     R0,#?V0 + 0
   \   00006D   12....       LCALL   ?US_SHR
   \   000070   12....       LCALL   ?Subroutine0 & 0xFFFF
   \                     ??CrossCallReturnLabel_1:
   \   000073   C3           CLR     C
   \   000074   33           RLC     A
   \   000075   5406         ANL     A,#0x6
   \   000077   F8           MOV     R0,A
   \   000078   7406         MOV     A,#0x6
   \   00007A   C3           CLR     C
   \   00007B   98           SUBB    A,R0
   \   00007C   78..         MOV     R0,#?V0 + 0
   \   00007E   12....       LCALL   ?US_SHR
   \   000081   E5..         MOV     A,?V0 + 0
   \   000083   5403         ANL     A,#0x3
   \   000085   80DA         SJMP    ??GUI_GetBitmapPixelIndex_6
     44              break;
     45            case 4:
     46              Off = (x >> 1) + (y * pBMP->BytesPerLine);
     47              Value = *(pBMP->pData + Off);
   \                     ??GUI_GetBitmapPixelIndex_2:
   \   000087   EC           MOV     A,R4
   \   000088   F8           MOV     R0,A
   \   000089   ED           MOV     A,R5
   \   00008A   C3           CLR     C
   \   00008B   13           RRC     A
   \   00008C   F9           MOV     R1,A
   \   00008D   E8           MOV     A,R0
   \   00008E   13           RRC     A
   \   00008F   F8           MOV     R0,A
   \   000090   12....       LCALL   ?Subroutine3 & 0xFFFF
   \                     ??CrossCallReturnLabel_6:
   \   000093   85F0..       MOV     ?V0 + 0,B
   \   000096   85..F0       MOV     B,?V0 + 3
   \   000099   A4           MUL     AB
   \   00009A   25..         ADD     A,?V0 + 0
   \   00009C   F5..         MOV     ?V0 + 0,A
   \   00009E   85..F0       MOV     B,?V0 + 2
   \   0000A1   EB           MOV     A,R3
   \   0000A2   A4           MUL     AB
   \   0000A3   25..         ADD     A,?V0 + 0
   \   0000A5   FB           MOV     R3,A
   \   0000A6   E8           MOV     A,R0
   \   0000A7   2A           ADD     A,R2
   \   0000A8   F8           MOV     R0,A
   \   0000A9   E9           MOV     A,R1
   \   0000AA   12....       LCALL   ?Subroutine2 & 0xFFFF
   \                     ??CrossCallReturnLabel_4:
   \   0000AD   FA           MOV     R2,A
     48              Value = (x & 1) ? (Value & 0xF) : (Value >> 4);
   \   0000AE   EC           MOV     A,R4
   \   0000AF   A2E0         MOV     C,0xE0 /* A   */.0
   \   0000B1   5005         JNC     ??GUI_GetBitmapPixelIndex_8
   \   0000B3   740F         MOV     A,#0xf
   \   0000B5   5A           ANL     A,R2
   \                     ??GUI_GetBitmapPixelIndex_9:
   \   0000B6   80A9         SJMP    ??GUI_GetBitmapPixelIndex_6
   \                     ??GUI_GetBitmapPixelIndex_8:
   \   0000B8   EA           MOV     A,R2
   \   0000B9   C4           SWAP    A
   \   0000BA   540F         ANL     A,#0xf
   \   0000BC   80A3         SJMP    ??GUI_GetBitmapPixelIndex_6
     49              break;
     50            case 8:
     51              Off = x + y * pBMP->BytesPerLine;
     52              Value = *(pBMP->pData + Off);
   \                     ??GUI_GetBitmapPixelIndex_3:
   \   0000BE   12....       LCALL   ?Subroutine1 & 0xFFFF
   \                     ??CrossCallReturnLabel_2:
   \   0000C1   FA           MOV     R2,A
   \   0000C2   A3           INC     DPTR
   \   0000C3   E0           MOVX    A,@DPTR
   \   0000C4   39           ADDC    A,R1
   \   0000C5   8A82         MOV     DPL,R2
   \   0000C7   F583         MOV     DPH,A
   \   0000C9   E0           MOVX    A,@DPTR
   \   0000CA   8095         SJMP    ??GUI_GetBitmapPixelIndex_6
     53              break;
     54            case 16:
     55              Off = (x << 1) + y * pBMP->BytesPerLine;
   \                     ??GUI_GetBitmapPixelIndex_4:
   \   0000CC   EC           MOV     A,R4
   \   0000CD   C3           CLR     C
   \   0000CE   33           RLC     A
   \   0000CF   FC           MOV     R4,A
   \   0000D0   ED           MOV     A,R5
   \   0000D1   33           RLC     A
   \   0000D2   FD           MOV     R5,A
   \   0000D3   12....       LCALL   ?Subroutine1 & 0xFFFF
   \                     ??CrossCallReturnLabel_3:
   \   0000D6   F8           MOV     R0,A
   \   0000D7   A3           INC     DPTR
   \   0000D8   E0           MOVX    A,@DPTR
   \   0000D9   39           ADDC    A,R1
   \   0000DA   F9           MOV     R1,A
   \   0000DB   8882         MOV     DPL,R0
   \   0000DD   8983         MOV     DPH,R1
   \   0000DF   E0           MOVX    A,@DPTR
   \   0000E0   FA           MOV     R2,A
   \   0000E1   A3           INC     DPTR
   \   0000E2   E0           MOVX    A,@DPTR
   \   0000E3   FB           MOV     R3,A
     56              Value = *(pBMP->pData + Off) | (*(pBMP->pData + Off + 1) << 8);
     57              break;
   \   0000E4   8004         SJMP    ??GUI_GetBitmapPixelIndex_10
     58            default:
     59              Value = 0;
   \                     ??GUI_GetBitmapPixelIndex_5:
   \   0000E6   7A00         MOV     R2,#0x0
   \                     ??GUI_GetBitmapPixelIndex_7:
   \   0000E8   7B00         MOV     R3,#0x0
     60            }
     61            return Value;
   \                     ??GUI_GetBitmapPixelIndex_10:
   \   0000EA   7F04         MOV     R7,#0x4
   \   0000EC   02....       LJMP    ?BANKED_LEAVE_XDATA
     62          }

   \                                 In  segment BANKED_CODE, align 1, keep-with-next
   \                     ?Subroutine1:
   \   000000   8E82         MOV     DPL,R6
   \   000002   8F83         MOV     DPH,R7
   \   000004   A3           INC     DPTR
   \   000005   A3           INC     DPTR
   \   000006   A3           INC     DPTR
   \   000007   A3           INC     DPTR
   \   000008   E0           MOVX    A,@DPTR
   \   000009   F5..         MOV     ?V0 + 0,A
   \   00000B   A3           INC     DPTR
   \   00000C   E0           MOVX    A,@DPTR
   \   00000D   F5..         MOV     ?V0 + 1,A
   \   00000F   EA           MOV     A,R2
   \   000010   85..F0       MOV     B,?V0 + 0
   \   000013   A4           MUL     AB
   \   000014   CA           XCH     A,R2
   \   000015   A8F0         MOV     R0,B
   \   000017   85..F0       MOV     B,?V0 + 1
   \   00001A   A4           MUL     AB
   \   00001B   28           ADD     A,R0
   \   00001C   F8           MOV     R0,A
   \   00001D   85..F0       MOV     B,?V0 + 0
   \   000020   EB           MOV     A,R3
   \   000021   A4           MUL     AB
   \   000022   28           ADD     A,R0
   \   000023   FB           MOV     R3,A
   \   000024   EC           MOV     A,R4
   \   000025   2A           ADD     A,R2
   \   000026   F8           MOV     R0,A
   \   000027   ED           MOV     A,R5
   \   000028   12....       LCALL   ?Subroutine4 & 0xFFFF
   \                     ??CrossCallReturnLabel_8:
   \   00002B   22           RET

   \                                 In  segment BANKED_CODE, align 1, keep-with-next
   \                     ?Subroutine4:
   \   000000   3B           ADDC    A,R3
   \   000001   F9           MOV     R1,A
   \   000002   8E82         MOV     DPL,R6
   \   000004   8F83         MOV     DPH,R7
   \   000006   A3           INC     DPTR
   \   000007   A3           INC     DPTR
   \   000008   A3           INC     DPTR
   \   000009   A3           INC     DPTR
   \   00000A   A3           INC     DPTR
   \   00000B   A3           INC     DPTR
   \   00000C   A3           INC     DPTR
   \   00000D   A3           INC     DPTR
   \   00000E   E0           MOVX    A,@DPTR
   \   00000F   28           ADD     A,R0
   \   000010   22           RET

   \                                 In  segment BANKED_CODE, align 1, keep-with-next
   \                     ?Subroutine0:
   \   000000   12....       LCALL   ?Subroutine3 & 0xFFFF
   \                     ??CrossCallReturnLabel_7:
   \   000003   A8F0         MOV     R0,B
   \   000005   85..F0       MOV     B,?V0 + 3
   \   000008   A4           MUL     AB
   \   000009   28           ADD     A,R0
   \   00000A   F8           MOV     R0,A
   \   00000B   85..F0       MOV     B,?V0 + 2
   \   00000E   EB           MOV     A,R3
   \   00000F   A4           MUL     AB
   \   000010   28           ADD     A,R0
   \   000011   FB           MOV     R3,A
   \   000012   E5..         MOV     A,?V0 + 0
   \   000014   2A           ADD     A,R2
   \   000015   F8           MOV     R0,A
   \   000016   E5..         MOV     A,?V0 + 1
   \   000018   12....       LCALL   ?Subroutine2 & 0xFFFF
   \                     ??CrossCallReturnLabel_5:
   \   00001B   F5..         MOV     ?V0 + 0,A
   \   00001D   75..00       MOV     ?V0 + 1,#0x0
   \   000020   EC           MOV     A,R4
   \   000021   22           RET

   \                                 In  segment BANKED_CODE, align 1, keep-with-next
   \                     ?Subroutine3:
   \   000000   8E82         MOV     DPL,R6
   \   000002   8F83         MOV     DPH,R7
   \   000004   A3           INC     DPTR
   \   000005   A3           INC     DPTR
   \   000006   A3           INC     DPTR
   \   000007   A3           INC     DPTR
   \   000008   E0           MOVX    A,@DPTR
   \   000009   F5..         MOV     ?V0 + 2,A
   \   00000B   A3           INC     DPTR
   \   00000C   E0           MOVX    A,@DPTR
   \   00000D   F5..         MOV     ?V0 + 3,A
   \   00000F   EA           MOV     A,R2
   \   000010   85..F0       MOV     B,?V0 + 2
   \   000013   A4           MUL     AB
   \   000014   CA           XCH     A,R2
   \   000015   22           RET

   \                                 In  segment BANKED_CODE, align 1, keep-with-next
   \                     ?Subroutine2:
   \   000000   12....       LCALL   ?Subroutine4 & 0xFFFF
   \                     ??CrossCallReturnLabel_9:
   \   000003   FA           MOV     R2,A
   \   000004   A3           INC     DPTR
   \   000005   E0           MOVX    A,@DPTR
   \   000006   39           ADDC    A,R1
   \   000007   8A82         MOV     DPL,R2
   \   000009   F583         MOV     DPH,A
   \   00000B   E0           MOVX    A,@DPTR
   \   00000C   22           RET

   \                                 In  segment BANK_RELAYS, align 1
   \                     ??GUI_GetBitmapPixelIndex?relay:
   \   000000   12....       LCALL   ?BDISPATCH
   \   000003   ......       DC24    GUI_GetBitmapPixelIndex
     63          
     64          /*************************** End of file ****************************/

   Maximum stack usage in bytes:

     Function                ISTACK PSTACK XSTACK
     --------                ------ ------ ------
     GUI_GetBitmapPixelIndex     0      0     14


   Segment part sizes:

     Function/Label                  Bytes
     --------------                  -----
     GUI_GetBitmapPixelIndex          239
     ?Subroutine1                      44
     ?Subroutine4                      17
     ?Subroutine0                      34
     ?Subroutine3                      22
     ?Subroutine2                      13
     ??GUI_GetBitmapPixelIndex?relay    6

 
 369 bytes in segment BANKED_CODE
   6 bytes in segment BANK_RELAYS
 
 375 bytes of CODE memory

Errors: none
Warnings: none
