###############################################################################
#                                                                             #
# IAR C/C++ Compiler V8.10.1.10194/W32 for 8051         14/Jun/2016  16:18:05 #
# Copyright 2004-2011 IAR Systems AB.                                         #
#                                                                             #
#    Core               =  plain                                              #
#    Code model         =  banked                                             #
#    Data model         =  large                                              #
#    Calling convention =  xdata reentrant                                    #
#    Constant location  =  data_rom                                           #
#    Dptr setup         =  1,16                                               #
#    Source file        =  F:\นโลฬืสมฯ\ETC-WSNฮ๏มชอ๘นโลฬืสมฯ210\ZigBeeอ๘ย็\WS #
#                          N-CSิดย๋\ZStack-CC2530-2.5.1a\Components\uCGUI\Cor #
#                          e\LCDColor.c                                       #
#    Command line       =  -f F:\นโลฬืสมฯ\ETC-WSNฮ๏มชอ๘นโลฬืสมฯ210\ZigBeeอ๘ย็ #
#                          \WSN-CSิดย๋\ZStack-CC2530-2.5.1a\Projects\zstack\U #
#                          tilities\SerialApp\CC2530DB\..\..\..\Tools\CC2530D #
#                          B\f8wCoord.cfg (-DCPU32MHZ -DROOT=__near_func      #
#                          -DMAC_CFG_APP_PENDING_QUEUE=TRUE                   #
#                          -DMAC_CFG_TX_DATA_MAX=5 -DMAC_CFG_TX_MAX=8         #
#                          -DMAC_CFG_RX_MAX=5 -DZDO_COORDINATOR -DRTR_NWK)    #
#                          -f F:\นโลฬืสมฯ\ETC-WSNฮ๏มชอ๘นโลฬืสมฯ210\ZigBeeอ๘ย็ #
#                          \WSN-CSิดย๋\ZStack-CC2530-2.5.1a\Projects\zstack\U #
#                          tilities\SerialApp\CC2530DB\..\..\..\Tools\CC2530D #
#                          B\f8wConfig.cfg (-DZIGBEEPRO -DSECURE=0            #
#                          -DZG_SECURE_DYNAMIC=0 -DREFLECTOR                  #
#                          -DDEFAULT_CHANLIST=0x00000800                      #
#                          -DZDAPP_CONFIG_PAN_ID=0x1001                       #
#                          -DNWK_START_DELAY=100 -DEXTENDED_JOINING_RANDOM_MA #
#                          SK=0x007F -DBEACON_REQUEST_DELAY=100               #
#                          -DBEACON_REQ_DELAY_MASK=0x00FF                     #
#                          -DLINK_STATUS_JITTER_MASK=0x007F                   #
#                          -DROUTE_EXPIRY_TIME=30 -DAPSC_ACK_WAIT_DURATION_PO #
#                          LLED=3000 -DNWK_INDIRECT_MSG_TIMEOUT=7             #
#                          -DMAX_RREQ_ENTRIES=8 -DAPSC_MAX_FRAME_RETRIES=3    #
#                          -DNWK_MAX_DATA_RETRIES=2                           #
#                          -DMAX_POLL_FAILURE_RETRIES=2 -DMAX_BCAST=9         #
#                          -DAPS_MAX_GROUPS=16 -DMAX_RTG_ENTRIES=40           #
#                          -DNWK_MAX_BINDING_ENTRIES=4                        #
#                          -DMAX_BINDING_CLUSTER_IDS=4 "-DDEFAULT_KEY={0x01,  #
#                          0x03, 0x05, 0x07, 0x09, 0x0B, 0x0D, 0x0F, 0x00,    #
#                          0x02, 0x04, 0x06, 0x08, 0x0A, 0x0C, 0x0D}"         #
#                          -DMAC_MAX_FRAME_SIZE=116                           #
#                          -DZDNWKMGR_MIN_TRANSMISSIONS=20 "-DCONST=const     #
#                          __code" -DGENERIC=__generic                        #
#                          -DRFD_RCVC_ALWAYS_ON=FALSE -DPOLL_RATE=1000        #
#                          -DQUEUED_POLL_RATE=100 -DRESPONSE_POLL_RATE=100)   #
#                          -DREJOIN_POLL_RATE=440 F:\นโลฬืสมฯ\ETC-WSNฮ๏มชอ๘นโ #
#                          ลฬืสมฯ210\ZigBeeอ๘ย็\WSN-CSิดย๋\ZStack-CC2530-2.5. #
#                          1a\Components\uCGUI\Core\LCDColor.c -D             #
#                          HAL_UART=TRUE -D SERIAL_APP_PORT=0 -D COOR -D      #
#                          LCD_SUPPORTED -D NV_INIT -lC                       #
#                          F:\นโลฬืสมฯ\ETC-WSNฮ๏มชอ๘นโลฬืสมฯ210\ZigBeeอ๘ย็\WS #
#                          N-CSิดย๋\ZStack-CC2530-2.5.1a\Projects\zstack\Util #
#                          ities\SerialApp\CC2530DB\CoordinatorEB\List\ -lA   #
#                          F:\นโลฬืสมฯ\ETC-WSNฮ๏มชอ๘นโลฬืสมฯ210\ZigBeeอ๘ย็\WS #
#                          N-CSิดย๋\ZStack-CC2530-2.5.1a\Projects\zstack\Util #
#                          ities\SerialApp\CC2530DB\CoordinatorEB\List\       #
#                          --diag_suppress Pe001,Pa010 -o                     #
#                          F:\นโลฬืสมฯ\ETC-WSNฮ๏มชอ๘นโลฬืสมฯ210\ZigBeeอ๘ย็\WS #
#                          N-CSิดย๋\ZStack-CC2530-2.5.1a\Projects\zstack\Util #
#                          ities\SerialApp\CC2530DB\CoordinatorEB\Obj\ -e     #
#                          --no_code_motion --debug --core=plain --dptr=16,1  #
#                          --data_model=large --code_model=banked             #
#                          --calling_convention=xdata_reentrant               #
#                          --place_constants=data_rom --nr_virtual_regs 16    #
#                          -I F:\นโลฬืสมฯ\ETC-WSNฮ๏มชอ๘นโลฬืสมฯ210\ZigBeeอ๘ย็ #
#                          \WSN-CSิดย๋\ZStack-CC2530-2.5.1a\Projects\zstack\U #
#                          tilities\SerialApp\CC2530DB\ -I                    #
#                          F:\นโลฬืสมฯ\ETC-WSNฮ๏มชอ๘นโลฬืสมฯ210\ZigBeeอ๘ย็\WS #
#                          N-CSิดย๋\ZStack-CC2530-2.5.1a\Projects\zstack\Util #
#                          ities\SerialApp\CC2530DB\..\Public\ -I             #
#                          F:\นโลฬืสมฯ\ETC-WSNฮ๏มชอ๘นโลฬืสมฯ210\ZigBeeอ๘ย็\WS #
#                          N-CSิดย๋\ZStack-CC2530-2.5.1a\Projects\zstack\Util #
#                          ities\SerialApp\CC2530DB\..\..\..\..\..\Components #
#                          \uCGUI\Core\ -I F:\นโลฬืสมฯ\ETC-WSNฮ๏มชอ๘นโลฬืสมฯ2 #
#                          10\ZigBeeอ๘ย็\WSN-CSิดย๋\ZStack-CC2530-2.5.1a\Proj #
#                          ects\zstack\Utilities\SerialApp\CC2530DB\..\..\..\ #
#                          ..\..\Components\uCGUI\MultiLayer\ -I              #
#                          F:\นโลฬืสมฯ\ETC-WSNฮ๏มชอ๘นโลฬืสมฯ210\ZigBeeอ๘ย็\WS #
#                          N-CSิดย๋\ZStack-CC2530-2.5.1a\Projects\zstack\Util #
#                          ities\SerialApp\CC2530DB\..\..\..\..\..\Components #
#                          \uCGUI\Config\ -I F:\นโลฬืสมฯ\ETC-WSNฮ๏มชอ๘นโลฬืสม #
#                          ฯ210\ZigBeeอ๘ย็\WSN-CSิดย๋\ZStack-CC2530-2.5.1a\Pr #
#                          ojects\zstack\Utilities\SerialApp\CC2530DB\..\Coor #
#                          dinator\ -I F:\นโลฬืสมฯ\ETC-WSNฮ๏มชอ๘นโลฬืสมฯ210\Z #
#                          igBeeอ๘ย็\WSN-CSิดย๋\ZStack-CC2530-2.5.1a\Projects #
#                          \zstack\Utilities\SerialApp\CC2530DB\..\..\..\ZMai #
#                          n\TI2530DB\ -I F:\นโลฬืสมฯ\ETC-WSNฮ๏มชอ๘นโลฬืสมฯ21 #
#                          0\ZigBeeอ๘ย็\WSN-CSิดย๋\ZStack-CC2530-2.5.1a\Proje #
#                          cts\zstack\Utilities\SerialApp\CC2530DB\..\..\..\. #
#                          .\..\Components\hal\include\ -I                    #
#                          F:\นโลฬืสมฯ\ETC-WSNฮ๏มชอ๘นโลฬืสมฯ210\ZigBeeอ๘ย็\WS #
#                          N-CSิดย๋\ZStack-CC2530-2.5.1a\Projects\zstack\Util #
#                          ities\SerialApp\CC2530DB\..\..\..\..\..\Components #
#                          \hal\target\CC2530EB\ -I                           #
#                          F:\นโลฬืสมฯ\ETC-WSNฮ๏มชอ๘นโลฬืสมฯ210\ZigBeeอ๘ย็\WS #
#                          N-CSิดย๋\ZStack-CC2530-2.5.1a\Projects\zstack\Util #
#                          ities\SerialApp\CC2530DB\..\..\..\..\..\Components #
#                          \mac\include\ -I F:\นโลฬืสมฯ\ETC-WSNฮ๏มชอ๘นโลฬืสมฯ #
#                          210\ZigBeeอ๘ย็\WSN-CSิดย๋\ZStack-CC2530-2.5.1a\Pro #
#                          jects\zstack\Utilities\SerialApp\CC2530DB\..\..\.. #
#                          \..\..\Components\mac\high_level\ -I               #
#                          F:\นโลฬืสมฯ\ETC-WSNฮ๏มชอ๘นโลฬืสมฯ210\ZigBeeอ๘ย็\WS #
#                          N-CSิดย๋\ZStack-CC2530-2.5.1a\Projects\zstack\Util #
#                          ities\SerialApp\CC2530DB\..\..\..\..\..\Components #
#                          \mac\low_level\srf04\ -I                           #
#                          F:\นโลฬืสมฯ\ETC-WSNฮ๏มชอ๘นโลฬืสมฯ210\ZigBeeอ๘ย็\WS #
#                          N-CSิดย๋\ZStack-CC2530-2.5.1a\Projects\zstack\Util #
#                          ities\SerialApp\CC2530DB\..\..\..\..\..\Components #
#                          \mac\low_level\srf04\single_chip\ -I               #
#                          F:\นโลฬืสมฯ\ETC-WSNฮ๏มชอ๘นโลฬืสมฯ210\ZigBeeอ๘ย็\WS #
#                          N-CSิดย๋\ZStack-CC2530-2.5.1a\Projects\zstack\Util #
#                          ities\SerialApp\CC2530DB\..\..\..\..\..\Components #
#                          \mt\ -I F:\นโลฬืสมฯ\ETC-WSNฮ๏มชอ๘นโลฬืสมฯ210\ZigBe #
#                          eอ๘ย็\WSN-CSิดย๋\ZStack-CC2530-2.5.1a\Projects\zst #
#                          ack\Utilities\SerialApp\CC2530DB\..\..\..\..\..\Co #
#                          mponents\osal\include\ -I                          #
#                          F:\นโลฬืสมฯ\ETC-WSNฮ๏มชอ๘นโลฬืสมฯ210\ZigBeeอ๘ย็\WS #
#                          N-CSิดย๋\ZStack-CC2530-2.5.1a\Projects\zstack\Util #
#                          ities\SerialApp\CC2530DB\..\..\..\..\..\Components #
#                          \services\saddr\ -I F:\นโลฬืสมฯ\ETC-WSNฮ๏มชอ๘นโลฬื #
#                          สมฯ210\ZigBeeอ๘ย็\WSN-CSิดย๋\ZStack-CC2530-2.5.1a\ #
#                          Projects\zstack\Utilities\SerialApp\CC2530DB\..\.. #
#                          \..\..\..\Components\services\sdata\ -I            #
#                          F:\นโลฬืสมฯ\ETC-WSNฮ๏มชอ๘นโลฬืสมฯ210\ZigBeeอ๘ย็\WS #
#                          N-CSิดย๋\ZStack-CC2530-2.5.1a\Projects\zstack\Util #
#                          ities\SerialApp\CC2530DB\..\..\..\..\..\Components #
#                          \stack\af\ -I F:\นโลฬืสมฯ\ETC-WSNฮ๏มชอ๘นโลฬืสมฯ210 #
#                          \ZigBeeอ๘ย็\WSN-CSิดย๋\ZStack-CC2530-2.5.1a\Projec #
#                          ts\zstack\Utilities\SerialApp\CC2530DB\..\..\..\.. #
#                          \..\Components\stack\nwk\ -I                       #
#                          F:\นโลฬืสมฯ\ETC-WSNฮ๏มชอ๘นโลฬืสมฯ210\ZigBeeอ๘ย็\WS #
#                          N-CSิดย๋\ZStack-CC2530-2.5.1a\Projects\zstack\Util #
#                          ities\SerialApp\CC2530DB\..\..\..\..\..\Components #
#                          \stack\sapi\ -I F:\นโลฬืสมฯ\ETC-WSNฮ๏มชอ๘นโลฬืสมฯ2 #
#                          10\ZigBeeอ๘ย็\WSN-CSิดย๋\ZStack-CC2530-2.5.1a\Proj #
#                          ects\zstack\Utilities\SerialApp\CC2530DB\..\..\..\ #
#                          ..\..\Components\stack\sec\ -I                     #
#                          F:\นโลฬืสมฯ\ETC-WSNฮ๏มชอ๘นโลฬืสมฯ210\ZigBeeอ๘ย็\WS #
#                          N-CSิดย๋\ZStack-CC2530-2.5.1a\Projects\zstack\Util #
#                          ities\SerialApp\CC2530DB\..\..\..\..\..\Components #
#                          \stack\sys\ -I F:\นโลฬืสมฯ\ETC-WSNฮ๏มชอ๘นโลฬืสมฯ21 #
#                          0\ZigBeeอ๘ย็\WSN-CSิดย๋\ZStack-CC2530-2.5.1a\Proje #
#                          cts\zstack\Utilities\SerialApp\CC2530DB\..\..\..\. #
#                          .\..\Components\stack\zdo\ -I                      #
#                          F:\นโลฬืสมฯ\ETC-WSNฮ๏มชอ๘นโลฬืสมฯ210\ZigBeeอ๘ย็\WS #
#                          N-CSิดย๋\ZStack-CC2530-2.5.1a\Projects\zstack\Util #
#                          ities\SerialApp\CC2530DB\..\..\..\..\..\Components #
#                          \zmac\ -I F:\นโลฬืสมฯ\ETC-WSNฮ๏มชอ๘นโลฬืสมฯ210\Zig #
#                          Beeอ๘ย็\WSN-CSิดย๋\ZStack-CC2530-2.5.1a\Projects\z #
#                          stack\Utilities\SerialApp\CC2530DB\..\..\..\..\..\ #
#                          Components\zmac\f8w\ -Ohz --require_prototypes     #
#    List file          =  F:\นโลฬืสมฯ\ETC-WSNฮ๏มชอ๘นโลฬืสมฯ210\ZigBeeอ๘ย็\WS #
#                          N-CSิดย๋\ZStack-CC2530-2.5.1a\Projects\zstack\Util #
#                          ities\SerialApp\CC2530DB\CoordinatorEB\List\LCDCol #
#                          or.lst                                             #
#    Object file        =  F:\นโลฬืสมฯ\ETC-WSNฮ๏มชอ๘นโลฬืสมฯ210\ZigBeeอ๘ย็\WS #
#                          N-CSิดย๋\ZStack-CC2530-2.5.1a\Projects\zstack\Util #
#                          ities\SerialApp\CC2530DB\CoordinatorEB\Obj\LCDColo #
#                          r.r51                                              #
#                                                                             #
#                                                                             #
###############################################################################

F:\นโลฬืสมฯ\ETC-WSNฮ๏มชอ๘นโลฬืสมฯ210\ZigBeeอ๘ย็\WSN-CSิดย๋\ZStack-CC2530-2.5.1a\Components\uCGUI\Core\LCDColor.c
      1          /*
      2          *********************************************************************************************************
      3          *                                                uC/GUI
      4          *                        Universal graphic software for embedded applications
      5          *
      6          *                       (c) Copyright 2002, Micrium Inc., Weston, FL
      7          *                       (c) Copyright 2002, SEGGER Microcontroller Systeme GmbH
      8          *
      9          *              ตC/GUI is protected by international copyright laws. Knowledge of the
     10          *              source code may not be used to write a similar product. This file may
     11          *              only be used in accordance with a license and should not be redistributed
     12          *              in any way. We appreciate your understanding and fairness.
     13          *
     14          ----------------------------------------------------------------------
     15          File        : LCDColor.C
     16          Purpose     : Color conversion routines for LCD-drivers
     17          ---------------------------END-OF-HEADER------------------------------
     18          */
     19          
     20          #define LCDCOLOR_C
     21          
     22          #include <stddef.h>           /* needed for definition of NULL */
     23          #include "GUI_Private.h"
     24          #include "LCD_Private.h"      /* inter modul definitions & Config */
     25          
     26          /*********************************************************************
     27          *
     28          *       Defines, config defaults
     29          *
     30          **********************************************************************
     31          */
     32          
     33          #ifndef  LCD_SIZEOF_COLORCACHE
     34            #define LCD_SIZEOF_COLORCACHE 0
     35          #endif
     36          
     37          #if  LCD_SIZEOF_COLORCACHE
     38            static  const LCD_LOGPALETTE * pLogPalCache;
     39          #endif
     40          
     41          /*********************************************************************
     42          *
     43          *       Public data
     44          *
     45          **********************************************************************
     46          */
     47          

   \                                 In  segment XDATA_Z, align 1, keep-with-next
     48          LCD_PIXELINDEX LCD__aConvTable[LCD_MAX_LOG_COLORS];
   \                     LCD__aConvTable:
   \   000000                DS 512
   \   000200                REQUIRE __INIT_XDATA_Z
     49          
     50          /*********************************************************************
     51          *
     52          *       Public code
     53          *
     54          **********************************************************************
     55          */
     56          /*********************************************************************
     57          *
     58          *       LCD_GetpPalConvTableUncached
     59          */

   \                                 In  segment BANKED_CODE, align 1, keep-with-next
     60          LCD_PIXELINDEX* LCD_GetpPalConvTableUncached(const LCD_LOGPALETTE GUI_UNI_PTR *  pLogPal) {
   \                     LCD_GetpPalConvTableUncached:
   \   000000   74F2         MOV     A,#-0xe
   \   000002   12....       LCALL   ?BANKED_ENTER_XDATA
   \   000005                ; Saved register size: 14
   \   000005                ; Auto size: 0
     61            if (pLogPal == NULL) {
   \   000005   EA           MOV     A,R2
   \   000006   4B           ORL     A,R3
   \   000007   7007         JNZ     ??LCD_GetpPalConvTableUncached_0
     62              return NULL;
   \                     ??LCD_GetpPalConvTableUncached_1:
   \   000009   7A00         MOV     R2,#0x0
   \   00000B   7B00         MOV     R3,#0x0
   \   00000D   02....       LJMP    ??LCD_GetpPalConvTableUncached_2 & 0xFFFF
     63            }
     64            if (!pLogPal->pPalEntries) {
   \                     ??LCD_GetpPalConvTableUncached_0:
   \   000010   8A82         MOV     DPL,R2
   \   000012   8B83         MOV     DPH,R3
   \   000014   A3           INC     DPTR
   \   000015   A3           INC     DPTR
   \   000016   A3           INC     DPTR
   \   000017   E0           MOVX    A,@DPTR
   \   000018   F8           MOV     R0,A
   \   000019   A3           INC     DPTR
   \   00001A   E0           MOVX    A,@DPTR
   \   00001B   F9           MOV     R1,A
   \   00001C   E8           MOV     A,R0
   \   00001D   49           ORL     A,R1
   \   00001E   60E9         JZ      ??LCD_GetpPalConvTableUncached_1
     65              return NULL;
     66            }
     67            /* Check if sufficient space is available */
     68            if (pLogPal->NumEntries > LCD_MAX_LOG_COLORS) {
   \   000020   8A82         MOV     DPL,R2
   \   000022   8B83         MOV     DPH,R3
   \   000024   C3           CLR     C
   \   000025   E0           MOVX    A,@DPTR
   \   000026   9401         SUBB    A,#0x1
   \   000028   A3           INC     DPTR
   \   000029   E0           MOVX    A,@DPTR
   \   00002A   9401         SUBB    A,#0x1
   \   00002C   A2D2         MOV     C,0xD0 /* PSW */.2
   \   00002E   65D0         XRL     A,PSW
   \   000030   33           RLC     A
   \   000031   50D6         JNC     ??LCD_GetpPalConvTableUncached_1
     69              return NULL;
     70            }
     71            /* Build conversion table */
     72            {
     73              int i;
     74              int NumEntries = pLogPal->NumEntries;
   \   000033   8A82         MOV     DPL,R2
   \   000035   8B83         MOV     DPH,R3
   \   000037   E0           MOVX    A,@DPTR
   \   000038   F5..         MOV     ?V0 + 0,A
   \   00003A   A3           INC     DPTR
   \   00003B   E0           MOVX    A,@DPTR
   \   00003C   F5..         MOV     ?V0 + 1,A
     75              const LCD_COLOR GUI_UNI_PTR * pPalEntry = &pLogPal->pPalEntries[0];
   \   00003E   8A82         MOV     DPL,R2
   \   000040   8B83         MOV     DPH,R3
   \   000042   A3           INC     DPTR
   \   000043   A3           INC     DPTR
   \   000044   A3           INC     DPTR
   \   000045   E0           MOVX    A,@DPTR
   \   000046   F5..         MOV     ?V0 + 2,A
   \   000048   A3           INC     DPTR
   \   000049   E0           MOVX    A,@DPTR
   \   00004A   F5..         MOV     ?V0 + 3,A
     76              for (i=0; i< NumEntries; i++) {
   \   00004C   7E00         MOV     R6,#0x0
   \   00004E   7F00         MOV     R7,#0x0
   \   000050   803F         SJMP    ??LCD_GetpPalConvTableUncached_3
     77                LCD__aConvTable[i] = LCD_Color2Index(*(pPalEntry+i));
   \                     ??LCD_GetpPalConvTableUncached_4:
   \   000052                ; Setup parameters for call to function LCD_Color2Index
   \   000052   8E..         MOV     ?V0 + 4,R6
   \   000054   8F..         MOV     ?V0 + 5,R7
   \   000056   7402         MOV     A,#0x2
   \   000058   78..         MOV     R0,#?V0 + 4
   \   00005A   12....       LCALL   ?S_SHL
   \   00005D   E5..         MOV     A,?V0 + 2
   \   00005F   25..         ADD     A,?V0 + 4
   \   000061   F582         MOV     DPL,A
   \   000063   E5..         MOV     A,?V0 + 3
   \   000065   35..         ADDC    A,?V0 + 5
   \   000067   F583         MOV     DPH,A
   \   000069   12....       LCALL   ?XLOAD_R2345
   \   00006C   12....       LCALL   ??LCD_Color2Index?relay
   \   00006F   EE           MOV     A,R6
   \   000070   F8           MOV     R0,A
   \   000071   EF           MOV     A,R7
   \   000072   F9           MOV     R1,A
   \   000073   E8           MOV     A,R0
   \   000074   C3           CLR     C
   \   000075   33           RLC     A
   \   000076   F8           MOV     R0,A
   \   000077   E9           MOV     A,R1
   \   000078   33           RLC     A
   \   000079   F9           MOV     R1,A
   \   00007A   74..         MOV     A,#LCD__aConvTable & 0xff
   \   00007C   28           ADD     A,R0
   \   00007D   F582         MOV     DPL,A
   \   00007F   74..         MOV     A,#(LCD__aConvTable >> 8) & 0xff
   \   000081   39           ADDC    A,R1
   \   000082   F583         MOV     DPH,A
   \   000084   EA           MOV     A,R2
   \   000085   F0           MOVX    @DPTR,A
   \   000086   A3           INC     DPTR
   \   000087   EB           MOV     A,R3
   \   000088   F0           MOVX    @DPTR,A
     78              }
   \   000089   EE           MOV     A,R6
   \   00008A   2401         ADD     A,#0x1
   \   00008C   0E           INC     R6
   \   00008D   EF           MOV     A,R7
   \   00008E   3400         ADDC    A,#0x0
   \   000090   FF           MOV     R7,A
   \                     ??LCD_GetpPalConvTableUncached_3:
   \   000091   C3           CLR     C
   \   000092   EE           MOV     A,R6
   \   000093   95..         SUBB    A,?V0 + 0
   \   000095   EF           MOV     A,R7
   \   000096   95..         SUBB    A,?V0 + 1
   \   000098   A2D2         MOV     C,0xD0 /* PSW */.2
   \   00009A   65D0         XRL     A,PSW
   \   00009C   33           RLC     A
   \   00009D   40B3         JC      ??LCD_GetpPalConvTableUncached_4
     79            }
     80            return &LCD__aConvTable[0];
   \   00009F   7A..         MOV     R2,#LCD__aConvTable & 0xff
   \   0000A1   7B..         MOV     R3,#(LCD__aConvTable >> 8) & 0xff
   \                     ??LCD_GetpPalConvTableUncached_2:
   \   0000A3   7F06         MOV     R7,#0x6
   \   0000A5   02....       LJMP    ?BANKED_LEAVE_XDATA
     81          }
     82          
     83          /*********************************************************************
     84          *
     85          *       LCD_GetpPalConvTable
     86          */

   \                                 In  segment BANKED_CODE, align 1, keep-with-next
     87          LCD_PIXELINDEX* LCD_GetpPalConvTable(const LCD_LOGPALETTE GUI_UNI_PTR *  pLogPal) {
   \                     LCD_GetpPalConvTable:
   \   000000   C082         PUSH    DPL
   \   000002   C083         PUSH    DPH
   \   000004                ; Saved register size: 2
   \   000004                ; Auto size: 0
     88          /* Check cache */
     89            #if  LCD_SIZEOF_COLORCACHE
     90              if (pLogPalCache == pLogPal) {
     91                return &LCD__aConvTable[0];
     92              }
     93              pLogPalCache = pLogPal;
     94            #endif
     95            return LCD_GetpPalConvTableUncached(pLogPal);
   \   000004                ; Setup parameters for call to function LCD_GetpPalConvTableUncached
   \   000004   12....       LCALL   ??LCD_GetpPalConvTableUncached?relay
   \   000007   D083         POP     DPH
   \   000009   D082         POP     DPL
   \   00000B   02....       LJMP    ?BRET
     96          }
     97          
     98          /*********************************************************************
     99          *
    100          *       LCD_InitLUT
    101          */

   \                                 In  segment BANKED_CODE, align 1, keep-with-next
    102          void LCD_InitLUT(void) {
   \                     LCD_InitLUT:
   \   000000                ; Saved register size: 0
   \   000000                ; Auto size: 0
    103            #if (LCD_BITSPERPIXEL <= 8)
    104              {
    105                int i;
    106                for (i=0; i < LCD_NUM_COLORS; i++) {
    107                  LCD_COLOR color = LCD_Index2Color((U8)i);
    108                  #if LCD_REVERSE_LUT
    109                    color ^= 0xffffff;    /* Invert R,G,B components */
    110                  #endif
    111                  LCD_L0_SetLUTEntry((U8)i, color);
    112                }
    113              }
    114            #endif
    115            #if (GUI_NUM_LAYERS > 1)
    116              #if (LCD_BITSPERPIXEL_1 <= 8)
    117              {
    118                int i;
    119                int DisplayOld = GUI_SelectLayer(1);
    120                for (i=0; i < LCD_NUM_COLORS_1; i++) {
    121                  LCD_COLOR color = LCD_Index2Color((U8)i);
    122                  #if LCD_REVERSE_LUT_1
    123                    color ^= 0xffffff;    /* Invert R,G,B components */
    124                  #endif
    125                  LCD_L0_1_SetLUTEntry((U8)i, color);
    126                }
    127                GUI_SelectLayer(DisplayOld);
    128              }
    129              #endif
    130            #endif
    131            #if (GUI_NUM_LAYERS > 2)
    132              #if (LCD_BITSPERPIXEL_2 <= 8)
    133              {
    134                int i;
    135                int DisplayOld = GUI_SelectLayer(2);
    136                for (i=0; i < LCD_NUM_COLORS_2; i++) {
    137                  LCD_COLOR color = LCD_Index2Color((U8)i);
    138                  #if LCD_REVERSE_LUT_2
    139                    color ^= 0xffffff;    /* Invert R,G,B components */
    140                  #endif
    141                  LCD_L0_2_SetLUTEntry((U8)i, color);
    142                }
    143                GUI_SelectLayer(DisplayOld);
    144              }
    145              #endif
    146            #endif
    147            #if (GUI_NUM_LAYERS > 3)
    148              #if (LCD_BITSPERPIXEL_3 <= 8)
    149              {
    150                int i;
    151                int DisplayOld = GUI_SelectLayer(3);
    152                for (i=0; i < LCD_NUM_COLORS_3; i++) {
    153                  LCD_COLOR color = LCD_Index2Color((U8)i);
    154                  #if LCD_REVERSE_LUT_3
    155                    color ^= 0xffffff;    /* Invert R,G,B components */
    156                  #endif
    157                  LCD_L0_3_SetLUTEntry((U8)i, color);
    158                }
    159                GUI_SelectLayer(DisplayOld);
    160              }
    161              #endif
    162            #endif
    163            #if (GUI_NUM_LAYERS > 4)
    164              #if (LCD_BITSPERPIXEL_4 <= 8)
    165              {
    166                int i;
    167                int DisplayOld = GUI_SelectLayer(4);
    168                for (i=0; i < LCD_NUM_COLORS_4; i++) {
    169                  LCD_COLOR color = LCD_Index2Color((U8)i);
    170                  #if LCD_REVERSE_LUT_4
    171                    color ^= 0xffffff;    /* Invert R,G,B components */
    172                  #endif
    173                  LCD_L0_4_SetLUTEntry((U8)i, color);
    174                }
    175                GUI_SelectLayer(DisplayOld);
    176              }
    177              #endif
    178            #endif
    179          }
   \   000000   02....       LJMP    ?BRET

   \                                 In  segment BANK_RELAYS, align 1
   \                     ??LCD_GetpPalConvTableUncached?relay:
   \   000000   12....       LCALL   ?BDISPATCH
   \   000003   ......       DC24    LCD_GetpPalConvTableUncached

   \                                 In  segment BANK_RELAYS, align 1
   \                     ??LCD_GetpPalConvTable?relay:
   \   000000   12....       LCALL   ?BDISPATCH
   \   000003   ......       DC24    LCD_GetpPalConvTable

   \                                 In  segment BANK_RELAYS, align 1
   \                     ??LCD_InitLUT?relay:
   \   000000   12....       LCALL   ?BDISPATCH
   \   000003   ......       DC24    LCD_InitLUT
    180          
    181          /*************************** End of file ****************************/

   Maximum stack usage in bytes:

     Function                       ISTACK PSTACK XSTACK
     --------                       ------ ------ ------
     LCD_GetpPalConvTable               2      0      0
       -> LCD_GetpPalConvTableUncached
                                        4      0      0
     LCD_GetpPalConvTableUncached       0      0     14
       -> LCD_Color2Index               0      0     28
     LCD_InitLUT                        0      0      0


   Segment part sizes:

     Function/Label                       Bytes
     --------------                       -----
     LCD__aConvTable                       512
     LCD_GetpPalConvTableUncached          168
     LCD_GetpPalConvTable                   14
     LCD_InitLUT                             3
     ??LCD_GetpPalConvTableUncached?relay    6
     ??LCD_GetpPalConvTable?relay            6
     ??LCD_InitLUT?relay                     6

 
 185 bytes in segment BANKED_CODE
  18 bytes in segment BANK_RELAYS
 512 bytes in segment XDATA_Z
 
 203 bytes of CODE  memory
 512 bytes of XDATA memory

Errors: none
Warnings: none
